[2026-07-24T14:03:28.533835+00:00] Downloading BTCUSDT_5m.parquet
[2026-07-24T14:03:32.003378+00:00] Downloading BTCUSDT_metrics.parquet
[2026-07-24T14:03:34.721371+00:00] Downloading BTCUSDT_fundingRate.parquet
[2026-07-24T14:03:35.375202+00:00] Downloading ETHUSDT_5m.parquet
[2026-07-24T14:03:38.137448+00:00] Downloading ETHUSDT_metrics.parquet
[2026-07-24T14:03:40.792141+00:00] Downloading ETHUSDT_fundingRate.parquet
[2026-07-24T14:03:50.627059+00:00] Preparing BTCUSDT 5m
Traceback (most recent call last):
  File "/opt/hostedtoolcache/Python/3.12.13/x64/lib/python3.12/site-packages/pandas/core/indexes/base.py", line 3641, in get_loc
    return self._engine.get_loc(casted_key)
           ^^^^^^^^^^^^^^^^^^^^^^^^^^^^^^^^
  File "pandas/_libs/index.pyx", line 168, in pandas._libs.index.IndexEngine.get_loc
  File "pandas/_libs/index.pyx", line 197, in pandas._libs.index.IndexEngine.get_loc
  File "pandas/_libs/hashtable_class_helper.pxi", line 7668, in pandas._libs.hashtable.PyObjectHashTable.get_item
  File "pandas/_libs/hashtable_class_helper.pxi", line 7676, in pandas._libs.hashtable.PyObjectHashTable.get_item
KeyError: 'don_lo20.0'

The above exception was the direct cause of the following exception:

Traceback (most recent call last):
  File "/home/runner/work/publisher/publisher/coin-v8/iterative_research.py", line 1194, in <module>
    main()
  File "/home/runner/work/publisher/publisher/coin-v8/iterative_research.py", line 1052, in main
    row, trades_df = evaluate_config(x, fund_cum, cfg, pre_start, holdout_start, robust_end, folds, True)
                     ^^^^^^^^^^^^^^^^^^^^^^^^^^^^^^^^^^^^^^^^^^^^^^^^^^^^^^^^^^^^^^^^^^^^^^^^^^^^^^^^^^^^
  File "/home/runner/work/publisher/publisher/coin-v8/iterative_research.py", line 758, in evaluate_config
    signal = make_signal(x, cfg)
             ^^^^^^^^^^^^^^^^^^^
  File "/home/runner/work/publisher/publisher/coin-v8/iterative_research.py", line 612, in make_signal
    level = x[f"don_hi{cfg['lookback']}"] .to_numpy(float) if side > 0 else x[f"don_lo{cfg['lookback']}"] .to_numpy(float)
                                                                            ~^^^^^^^^^^^^^^^^^^^^^^^^^^^^
  File "/opt/hostedtoolcache/Python/3.12.13/x64/lib/python3.12/site-packages/pandas/core/frame.py", line 4378, in __getitem__
    indexer = self.columns.get_loc(key)
              ^^^^^^^^^^^^^^^^^^^^^^^^^
  File "/opt/hostedtoolcache/Python/3.12.13/x64/lib/python3.12/site-packages/pandas/core/indexes/base.py", line 3648, in get_loc
    raise KeyError(key) from err
KeyError: 'don_lo20.0'
