[2026-07-24T14:38:54.664856+00:00] Downloading BTCUSDT_5m.parquet
[2026-07-24T14:38:56.096320+00:00] Downloading BTCUSDT_metrics.parquet
[2026-07-24T14:38:57.439231+00:00] Downloading BTCUSDT_fundingRate.parquet
[2026-07-24T14:38:58.122779+00:00] Downloading ETHUSDT_5m.parquet
[2026-07-24T14:38:59.458595+00:00] Downloading ETHUSDT_metrics.parquet
[2026-07-24T14:39:00.978311+00:00] Downloading ETHUSDT_fundingRate.parquet
[2026-07-24T14:39:09.409000+00:00] Preparing BTCUSDT 5m
[2026-07-24T14:40:41.811797+00:00] Finished BTCUSDT 5m: 781 pre trials, 16 finalists
[2026-07-24T14:40:41.813909+00:00] Preparing BTCUSDT 15m
[2026-07-24T14:42:02.670653+00:00] Finished BTCUSDT 15m: 778 pre trials, 25 finalists
[2026-07-24T14:42:02.671215+00:00] Preparing BTCUSDT 30m
[2026-07-24T14:43:19.998757+00:00] Finished BTCUSDT 30m: 786 pre trials, 25 finalists
[2026-07-24T14:43:19.999202+00:00] Preparing BTCUSDT 60m
[2026-07-24T14:44:31.863718+00:00] Finished BTCUSDT 60m: 783 pre trials, 25 finalists
[2026-07-24T14:44:32.387585+00:00] Preparing ETHUSDT 5m
[2026-07-24T14:46:01.046023+00:00] Finished ETHUSDT 5m: 773 pre trials, 25 finalists
[2026-07-24T14:46:01.049748+00:00] Preparing ETHUSDT 15m
[2026-07-24T14:47:21.038991+00:00] Finished ETHUSDT 15m: 785 pre trials, 25 finalists
[2026-07-24T14:47:21.039602+00:00] Preparing ETHUSDT 30m
[2026-07-24T14:48:21.416465+00:00] Finished ETHUSDT 30m: 638 pre trials, 24 finalists
[2026-07-24T14:48:21.417030+00:00] Preparing ETHUSDT 60m
[2026-07-24T14:49:33.434346+00:00] Finished ETHUSDT 60m: 780 pre trials, 25 finalists
/home/runner/work/publisher/publisher/coin-v8/iterative_research.py:933: Pandas4Warning: Sorting by default when concatenating all DatetimeIndex is deprecated.  In the future, pandas will respect the default of `sort=False`. Specify `sort=True` or `sort=False` to silence this message. If you see this warnings when not directly calling concat, report a bug to pandas.
  aligned = pd.concat([daily_map[c] for c in combo], axis=1).fillna(0.0)
/home/runner/work/publisher/publisher/coin-v8/iterative_research.py:933: Pandas4Warning: Sorting by default when concatenating all DatetimeIndex is deprecated.  In the future, pandas will respect the default of `sort=False`. Specify `sort=True` or `sort=False` to silence this message. If you see this warnings when not directly calling concat, report a bug to pandas.
  aligned = pd.concat([daily_map[c] for c in combo], axis=1).fillna(0.0)
/home/runner/work/publisher/publisher/coin-v8/iterative_research.py:933: Pandas4Warning: Sorting by default when concatenating all DatetimeIndex is deprecated.  In the future, pandas will respect the default of `sort=False`. Specify `sort=True` or `sort=False` to silence this message. If you see this warnings when not directly calling concat, report a bug to pandas.
  aligned = pd.concat([daily_map[c] for c in combo], axis=1).fillna(0.0)
/home/runner/work/publisher/publisher/coin-v8/iterative_research.py:933: Pandas4Warning: Sorting by default when concatenating all DatetimeIndex is deprecated.  In the future, pandas will respect the default of `sort=False`. Specify `sort=True` or `sort=False` to silence this message. If you see this warnings when not directly calling concat, report a bug to pandas.
  aligned = pd.concat([daily_map[c] for c in combo], axis=1).fillna(0.0)
/home/runner/work/publisher/publisher/coin-v8/iterative_research.py:933: Pandas4Warning: Sorting by default when concatenating all DatetimeIndex is deprecated.  In the future, pandas will respect the default of `sort=False`. Specify `sort=True` or `sort=False` to silence this message. If you see this warnings when not directly calling concat, report a bug to pandas.
  aligned = pd.concat([daily_map[c] for c in combo], axis=1).fillna(0.0)
/home/runner/work/publisher/publisher/coin-v8/iterative_research.py:933: Pandas4Warning: Sorting by default when concatenating all DatetimeIndex is deprecated.  In the future, pandas will respect the default of `sort=False`. Specify `sort=True` or `sort=False` to silence this message. If you see this warnings when not directly calling concat, report a bug to pandas.
  aligned = pd.concat([daily_map[c] for c in combo], axis=1).fillna(0.0)
/home/runner/work/publisher/publisher/coin-v8/iterative_research.py:933: Pandas4Warning: Sorting by default when concatenating all DatetimeIndex is deprecated.  In the future, pandas will respect the default of `sort=False`. Specify `sort=True` or `sort=False` to silence this message. If you see this warnings when not directly calling concat, report a bug to pandas.
  aligned = pd.concat([daily_map[c] for c in combo], axis=1).fillna(0.0)
/home/runner/work/publisher/publisher/coin-v8/iterative_research.py:933: Pandas4Warning: Sorting by default when concatenating all DatetimeIndex is deprecated.  In the future, pandas will respect the default of `sort=False`. Specify `sort=True` or `sort=False` to silence this message. If you see this warnings when not directly calling concat, report a bug to pandas.
  aligned = pd.concat([daily_map[c] for c in combo], axis=1).fillna(0.0)
/home/runner/work/publisher/publisher/coin-v8/iterative_research.py:933: Pandas4Warning: Sorting by default when concatenating all DatetimeIndex is deprecated.  In the future, pandas will respect the default of `sort=False`. Specify `sort=True` or `sort=False` to silence this message. If you see this warnings when not directly calling concat, report a bug to pandas.
  aligned = pd.concat([daily_map[c] for c in combo], axis=1).fillna(0.0)
/home/runner/work/publisher/publisher/coin-v8/iterative_research.py:933: Pandas4Warning: Sorting by default when concatenating all DatetimeIndex is deprecated.  In the future, pandas will respect the default of `sort=False`. Specify `sort=True` or `sort=False` to silence this message. If you see this warnings when not directly calling concat, report a bug to pandas.
  aligned = pd.concat([daily_map[c] for c in combo], axis=1).fillna(0.0)
/home/runner/work/publisher/publisher/coin-v8/iterative_research.py:933: Pandas4Warning: Sorting by default when concatenating all DatetimeIndex is deprecated.  In the future, pandas will respect the default of `sort=False`. Specify `sort=True` or `sort=False` to silence this message. If you see this warnings when not directly calling concat, report a bug to pandas.
  aligned = pd.concat([daily_map[c] for c in combo], axis=1).fillna(0.0)
/home/runner/work/publisher/publisher/coin-v8/iterative_research.py:933: Pandas4Warning: Sorting by default when concatenating all DatetimeIndex is deprecated.  In the future, pandas will respect the default of `sort=False`. Specify `sort=True` or `sort=False` to silence this message. If you see this warnings when not directly calling concat, report a bug to pandas.
  aligned = pd.concat([daily_map[c] for c in combo], axis=1).fillna(0.0)
/home/runner/work/publisher/publisher/coin-v8/iterative_research.py:933: Pandas4Warning: Sorting by default when concatenating all DatetimeIndex is deprecated.  In the future, pandas will respect the default of `sort=False`. Specify `sort=True` or `sort=False` to silence this message. If you see this warnings when not directly calling concat, report a bug to pandas.
  aligned = pd.concat([daily_map[c] for c in combo], axis=1).fillna(0.0)
/home/runner/work/publisher/publisher/coin-v8/iterative_research.py:933: Pandas4Warning: Sorting by default when concatenating all DatetimeIndex is deprecated.  In the future, pandas will respect the default of `sort=False`. Specify `sort=True` or `sort=False` to silence this message. If you see this warnings when not directly calling concat, report a bug to pandas.
  aligned = pd.concat([daily_map[c] for c in combo], axis=1).fillna(0.0)
/home/runner/work/publisher/publisher/coin-v8/iterative_research.py:933: Pandas4Warning: Sorting by default when concatenating all DatetimeIndex is deprecated.  In the future, pandas will respect the default of `sort=False`. Specify `sort=True` or `sort=False` to silence this message. If you see this warnings when not directly calling concat, report a bug to pandas.
  aligned = pd.concat([daily_map[c] for c in combo], axis=1).fillna(0.0)
/home/runner/work/publisher/publisher/coin-v8/iterative_research.py:933: Pandas4Warning: Sorting by default when concatenating all DatetimeIndex is deprecated.  In the future, pandas will respect the default of `sort=False`. Specify `sort=True` or `sort=False` to silence this message. If you see this warnings when not directly calling concat, report a bug to pandas.
  aligned = pd.concat([daily_map[c] for c in combo], axis=1).fillna(0.0)
/home/runner/work/publisher/publisher/coin-v8/iterative_research.py:933: Pandas4Warning: Sorting by default when concatenating all DatetimeIndex is deprecated.  In the future, pandas will respect the default of `sort=False`. Specify `sort=True` or `sort=False` to silence this message. If you see this warnings when not directly calling concat, report a bug to pandas.
  aligned = pd.concat([daily_map[c] for c in combo], axis=1).fillna(0.0)
/home/runner/work/publisher/publisher/coin-v8/iterative_research.py:933: Pandas4Warning: Sorting by default when concatenating all DatetimeIndex is deprecated.  In the future, pandas will respect the default of `sort=False`. Specify `sort=True` or `sort=False` to silence this message. If you see this warnings when not directly calling concat, report a bug to pandas.
  aligned = pd.concat([daily_map[c] for c in combo], axis=1).fillna(0.0)
/home/runner/work/publisher/publisher/coin-v8/iterative_research.py:933: Pandas4Warning: Sorting by default when concatenating all DatetimeIndex is deprecated.  In the future, pandas will respect the default of `sort=False`. Specify `sort=True` or `sort=False` to silence this message. If you see this warnings when not directly calling concat, report a bug to pandas.
  aligned = pd.concat([daily_map[c] for c in combo], axis=1).fillna(0.0)
/home/runner/work/publisher/publisher/coin-v8/iterative_research.py:933: Pandas4Warning: Sorting by default when concatenating all DatetimeIndex is deprecated.  In the future, pandas will respect the default of `sort=False`. Specify `sort=True` or `sort=False` to silence this message. If you see this warnings when not directly calling concat, report a bug to pandas.
  aligned = pd.concat([daily_map[c] for c in combo], axis=1).fillna(0.0)
/home/runner/work/publisher/publisher/coin-v8/iterative_research.py:933: Pandas4Warning: Sorting by default when concatenating all DatetimeIndex is deprecated.  In the future, pandas will respect the default of `sort=False`. Specify `sort=True` or `sort=False` to silence this message. If you see this warnings when not directly calling concat, report a bug to pandas.
  aligned = pd.concat([daily_map[c] for c in combo], axis=1).fillna(0.0)
/home/runner/work/publisher/publisher/coin-v8/iterative_research.py:933: Pandas4Warning: Sorting by default when concatenating all DatetimeIndex is deprecated.  In the future, pandas will respect the default of `sort=False`. Specify `sort=True` or `sort=False` to silence this message. If you see this warnings when not directly calling concat, report a bug to pandas.
  aligned = pd.concat([daily_map[c] for c in combo], axis=1).fillna(0.0)
/home/runner/work/publisher/publisher/coin-v8/iterative_research.py:933: Pandas4Warning: Sorting by default when concatenating all DatetimeIndex is deprecated.  In the future, pandas will respect the default of `sort=False`. Specify `sort=True` or `sort=False` to silence this message. If you see this warnings when not directly calling concat, report a bug to pandas.
  aligned = pd.concat([daily_map[c] for c in combo], axis=1).fillna(0.0)
/home/runner/work/publisher/publisher/coin-v8/iterative_research.py:933: Pandas4Warning: Sorting by default when concatenating all DatetimeIndex is deprecated.  In the future, pandas will respect the default of `sort=False`. Specify `sort=True` or `sort=False` to silence this message. If you see this warnings when not directly calling concat, report a bug to pandas.
  aligned = pd.concat([daily_map[c] for c in combo], axis=1).fillna(0.0)
/home/runner/work/publisher/publisher/coin-v8/iterative_research.py:933: Pandas4Warning: Sorting by default when concatenating all DatetimeIndex is deprecated.  In the future, pandas will respect the default of `sort=False`. Specify `sort=True` or `sort=False` to silence this message. If you see this warnings when not directly calling concat, report a bug to pandas.
  aligned = pd.concat([daily_map[c] for c in combo], axis=1).fillna(0.0)
/home/runner/work/publisher/publisher/coin-v8/iterative_research.py:933: Pandas4Warning: Sorting by default when concatenating all DatetimeIndex is deprecated.  In the future, pandas will respect the default of `sort=False`. Specify `sort=True` or `sort=False` to silence this message. If you see this warnings when not directly calling concat, report a bug to pandas.
  aligned = pd.concat([daily_map[c] for c in combo], axis=1).fillna(0.0)
/home/runner/work/publisher/publisher/coin-v8/iterative_research.py:933: Pandas4Warning: Sorting by default when concatenating all DatetimeIndex is deprecated.  In the future, pandas will respect the default of `sort=False`. Specify `sort=True` or `sort=False` to silence this message. If you see this warnings when not directly calling concat, report a bug to pandas.
  aligned = pd.concat([daily_map[c] for c in combo], axis=1).fillna(0.0)
/home/runner/work/publisher/publisher/coin-v8/iterative_research.py:933: Pandas4Warning: Sorting by default when concatenating all DatetimeIndex is deprecated.  In the future, pandas will respect the default of `sort=False`. Specify `sort=True` or `sort=False` to silence this message. If you see this warnings when not directly calling concat, report a bug to pandas.
  aligned = pd.concat([daily_map[c] for c in combo], axis=1).fillna(0.0)
/home/runner/work/publisher/publisher/coin-v8/iterative_research.py:933: Pandas4Warning: Sorting by default when concatenating all DatetimeIndex is deprecated.  In the future, pandas will respect the default of `sort=False`. Specify `sort=True` or `sort=False` to silence this message. If you see this warnings when not directly calling concat, report a bug to pandas.
  aligned = pd.concat([daily_map[c] for c in combo], axis=1).fillna(0.0)
/home/runner/work/publisher/publisher/coin-v8/iterative_research.py:933: Pandas4Warning: Sorting by default when concatenating all DatetimeIndex is deprecated.  In the future, pandas will respect the default of `sort=False`. Specify `sort=True` or `sort=False` to silence this message. If you see this warnings when not directly calling concat, report a bug to pandas.
  aligned = pd.concat([daily_map[c] for c in combo], axis=1).fillna(0.0)
/home/runner/work/publisher/publisher/coin-v8/iterative_research.py:933: Pandas4Warning: Sorting by default when concatenating all DatetimeIndex is deprecated.  In the future, pandas will respect the default of `sort=False`. Specify `sort=True` or `sort=False` to silence this message. If you see this warnings when not directly calling concat, report a bug to pandas.
  aligned = pd.concat([daily_map[c] for c in combo], axis=1).fillna(0.0)
/home/runner/work/publisher/publisher/coin-v8/iterative_research.py:933: Pandas4Warning: Sorting by default when concatenating all DatetimeIndex is deprecated.  In the future, pandas will respect the default of `sort=False`. Specify `sort=True` or `sort=False` to silence this message. If you see this warnings when not directly calling concat, report a bug to pandas.
  aligned = pd.concat([daily_map[c] for c in combo], axis=1).fillna(0.0)
/home/runner/work/publisher/publisher/coin-v8/iterative_research.py:933: Pandas4Warning: Sorting by default when concatenating all DatetimeIndex is deprecated.  In the future, pandas will respect the default of `sort=False`. Specify `sort=True` or `sort=False` to silence this message. If you see this warnings when not directly calling concat, report a bug to pandas.
  aligned = pd.concat([daily_map[c] for c in combo], axis=1).fillna(0.0)
/home/runner/work/publisher/publisher/coin-v8/iterative_research.py:933: Pandas4Warning: Sorting by default when concatenating all DatetimeIndex is deprecated.  In the future, pandas will respect the default of `sort=False`. Specify `sort=True` or `sort=False` to silence this message. If you see this warnings when not directly calling concat, report a bug to pandas.
  aligned = pd.concat([daily_map[c] for c in combo], axis=1).fillna(0.0)
/home/runner/work/publisher/publisher/coin-v8/iterative_research.py:933: Pandas4Warning: Sorting by default when concatenating all DatetimeIndex is deprecated.  In the future, pandas will respect the default of `sort=False`. Specify `sort=True` or `sort=False` to silence this message. If you see this warnings when not directly calling concat, report a bug to pandas.
  aligned = pd.concat([daily_map[c] for c in combo], axis=1).fillna(0.0)
/home/runner/work/publisher/publisher/coin-v8/iterative_research.py:933: Pandas4Warning: Sorting by default when concatenating all DatetimeIndex is deprecated.  In the future, pandas will respect the default of `sort=False`. Specify `sort=True` or `sort=False` to silence this message. If you see this warnings when not directly calling concat, report a bug to pandas.
  aligned = pd.concat([daily_map[c] for c in combo], axis=1).fillna(0.0)
/home/runner/work/publisher/publisher/coin-v8/iterative_research.py:933: Pandas4Warning: Sorting by default when concatenating all DatetimeIndex is deprecated.  In the future, pandas will respect the default of `sort=False`. Specify `sort=True` or `sort=False` to silence this message. If you see this warnings when not directly calling concat, report a bug to pandas.
  aligned = pd.concat([daily_map[c] for c in combo], axis=1).fillna(0.0)
/home/runner/work/publisher/publisher/coin-v8/iterative_research.py:933: Pandas4Warning: Sorting by default when concatenating all DatetimeIndex is deprecated.  In the future, pandas will respect the default of `sort=False`. Specify `sort=True` or `sort=False` to silence this message. If you see this warnings when not directly calling concat, report a bug to pandas.
  aligned = pd.concat([daily_map[c] for c in combo], axis=1).fillna(0.0)
/home/runner/work/publisher/publisher/coin-v8/iterative_research.py:933: Pandas4Warning: Sorting by default when concatenating all DatetimeIndex is deprecated.  In the future, pandas will respect the default of `sort=False`. Specify `sort=True` or `sort=False` to silence this message. If you see this warnings when not directly calling concat, report a bug to pandas.
  aligned = pd.concat([daily_map[c] for c in combo], axis=1).fillna(0.0)
/home/runner/work/publisher/publisher/coin-v8/iterative_research.py:933: Pandas4Warning: Sorting by default when concatenating all DatetimeIndex is deprecated.  In the future, pandas will respect the default of `sort=False`. Specify `sort=True` or `sort=False` to silence this message. If you see this warnings when not directly calling concat, report a bug to pandas.
  aligned = pd.concat([daily_map[c] for c in combo], axis=1).fillna(0.0)
/home/runner/work/publisher/publisher/coin-v8/iterative_research.py:933: Pandas4Warning: Sorting by default when concatenating all DatetimeIndex is deprecated.  In the future, pandas will respect the default of `sort=False`. Specify `sort=True` or `sort=False` to silence this message. If you see this warnings when not directly calling concat, report a bug to pandas.
  aligned = pd.concat([daily_map[c] for c in combo], axis=1).fillna(0.0)
/home/runner/work/publisher/publisher/coin-v8/iterative_research.py:933: Pandas4Warning: Sorting by default when concatenating all DatetimeIndex is deprecated.  In the future, pandas will respect the default of `sort=False`. Specify `sort=True` or `sort=False` to silence this message. If you see this warnings when not directly calling concat, report a bug to pandas.
  aligned = pd.concat([daily_map[c] for c in combo], axis=1).fillna(0.0)
/home/runner/work/publisher/publisher/coin-v8/iterative_research.py:933: Pandas4Warning: Sorting by default when concatenating all DatetimeIndex is deprecated.  In the future, pandas will respect the default of `sort=False`. Specify `sort=True` or `sort=False` to silence this message. If you see this warnings when not directly calling concat, report a bug to pandas.
  aligned = pd.concat([daily_map[c] for c in combo], axis=1).fillna(0.0)
/home/runner/work/publisher/publisher/coin-v8/iterative_research.py:933: Pandas4Warning: Sorting by default when concatenating all DatetimeIndex is deprecated.  In the future, pandas will respect the default of `sort=False`. Specify `sort=True` or `sort=False` to silence this message. If you see this warnings when not directly calling concat, report a bug to pandas.
  aligned = pd.concat([daily_map[c] for c in combo], axis=1).fillna(0.0)
/home/runner/work/publisher/publisher/coin-v8/iterative_research.py:933: Pandas4Warning: Sorting by default when concatenating all DatetimeIndex is deprecated.  In the future, pandas will respect the default of `sort=False`. Specify `sort=True` or `sort=False` to silence this message. If you see this warnings when not directly calling concat, report a bug to pandas.
  aligned = pd.concat([daily_map[c] for c in combo], axis=1).fillna(0.0)
/home/runner/work/publisher/publisher/coin-v8/iterative_research.py:933: Pandas4Warning: Sorting by default when concatenating all DatetimeIndex is deprecated.  In the future, pandas will respect the default of `sort=False`. Specify `sort=True` or `sort=False` to silence this message. If you see this warnings when not directly calling concat, report a bug to pandas.
  aligned = pd.concat([daily_map[c] for c in combo], axis=1).fillna(0.0)
/home/runner/work/publisher/publisher/coin-v8/iterative_research.py:933: Pandas4Warning: Sorting by default when concatenating all DatetimeIndex is deprecated.  In the future, pandas will respect the default of `sort=False`. Specify `sort=True` or `sort=False` to silence this message. If you see this warnings when not directly calling concat, report a bug to pandas.
  aligned = pd.concat([daily_map[c] for c in combo], axis=1).fillna(0.0)
/home/runner/work/publisher/publisher/coin-v8/iterative_research.py:933: Pandas4Warning: Sorting by default when concatenating all DatetimeIndex is deprecated.  In the future, pandas will respect the default of `sort=False`. Specify `sort=True` or `sort=False` to silence this message. If you see this warnings when not directly calling concat, report a bug to pandas.
  aligned = pd.concat([daily_map[c] for c in combo], axis=1).fillna(0.0)
/home/runner/work/publisher/publisher/coin-v8/iterative_research.py:933: Pandas4Warning: Sorting by default when concatenating all DatetimeIndex is deprecated.  In the future, pandas will respect the default of `sort=False`. Specify `sort=True` or `sort=False` to silence this message. If you see this warnings when not directly calling concat, report a bug to pandas.
  aligned = pd.concat([daily_map[c] for c in combo], axis=1).fillna(0.0)
/home/runner/work/publisher/publisher/coin-v8/iterative_research.py:933: Pandas4Warning: Sorting by default when concatenating all DatetimeIndex is deprecated.  In the future, pandas will respect the default of `sort=False`. Specify `sort=True` or `sort=False` to silence this message. If you see this warnings when not directly calling concat, report a bug to pandas.
  aligned = pd.concat([daily_map[c] for c in combo], axis=1).fillna(0.0)
/home/runner/work/publisher/publisher/coin-v8/iterative_research.py:933: Pandas4Warning: Sorting by default when concatenating all DatetimeIndex is deprecated.  In the future, pandas will respect the default of `sort=False`. Specify `sort=True` or `sort=False` to silence this message. If you see this warnings when not directly calling concat, report a bug to pandas.
  aligned = pd.concat([daily_map[c] for c in combo], axis=1).fillna(0.0)
/home/runner/work/publisher/publisher/coin-v8/iterative_research.py:933: Pandas4Warning: Sorting by default when concatenating all DatetimeIndex is deprecated.  In the future, pandas will respect the default of `sort=False`. Specify `sort=True` or `sort=False` to silence this message. If you see this warnings when not directly calling concat, report a bug to pandas.
  aligned = pd.concat([daily_map[c] for c in combo], axis=1).fillna(0.0)
/home/runner/work/publisher/publisher/coin-v8/iterative_research.py:933: Pandas4Warning: Sorting by default when concatenating all DatetimeIndex is deprecated.  In the future, pandas will respect the default of `sort=False`. Specify `sort=True` or `sort=False` to silence this message. If you see this warnings when not directly calling concat, report a bug to pandas.
  aligned = pd.concat([daily_map[c] for c in combo], axis=1).fillna(0.0)
/home/runner/work/publisher/publisher/coin-v8/iterative_research.py:933: Pandas4Warning: Sorting by default when concatenating all DatetimeIndex is deprecated.  In the future, pandas will respect the default of `sort=False`. Specify `sort=True` or `sort=False` to silence this message. If you see this warnings when not directly calling concat, report a bug to pandas.
  aligned = pd.concat([daily_map[c] for c in combo], axis=1).fillna(0.0)
/home/runner/work/publisher/publisher/coin-v8/iterative_research.py:933: Pandas4Warning: Sorting by default when concatenating all DatetimeIndex is deprecated.  In the future, pandas will respect the default of `sort=False`. Specify `sort=True` or `sort=False` to silence this message. If you see this warnings when not directly calling concat, report a bug to pandas.
  aligned = pd.concat([daily_map[c] for c in combo], axis=1).fillna(0.0)
/home/runner/work/publisher/publisher/coin-v8/iterative_research.py:933: Pandas4Warning: Sorting by default when concatenating all DatetimeIndex is deprecated.  In the future, pandas will respect the default of `sort=False`. Specify `sort=True` or `sort=False` to silence this message. If you see this warnings when not directly calling concat, report a bug to pandas.
  aligned = pd.concat([daily_map[c] for c in combo], axis=1).fillna(0.0)
/home/runner/work/publisher/publisher/coin-v8/iterative_research.py:933: Pandas4Warning: Sorting by default when concatenating all DatetimeIndex is deprecated.  In the future, pandas will respect the default of `sort=False`. Specify `sort=True` or `sort=False` to silence this message. If you see this warnings when not directly calling concat, report a bug to pandas.
  aligned = pd.concat([daily_map[c] for c in combo], axis=1).fillna(0.0)
/home/runner/work/publisher/publisher/coin-v8/iterative_research.py:933: Pandas4Warning: Sorting by default when concatenating all DatetimeIndex is deprecated.  In the future, pandas will respect the default of `sort=False`. Specify `sort=True` or `sort=False` to silence this message. If you see this warnings when not directly calling concat, report a bug to pandas.
  aligned = pd.concat([daily_map[c] for c in combo], axis=1).fillna(0.0)
/home/runner/work/publisher/publisher/coin-v8/iterative_research.py:933: Pandas4Warning: Sorting by default when concatenating all DatetimeIndex is deprecated.  In the future, pandas will respect the default of `sort=False`. Specify `sort=True` or `sort=False` to silence this message. If you see this warnings when not directly calling concat, report a bug to pandas.
  aligned = pd.concat([daily_map[c] for c in combo], axis=1).fillna(0.0)
/home/runner/work/publisher/publisher/coin-v8/iterative_research.py:933: Pandas4Warning: Sorting by default when concatenating all DatetimeIndex is deprecated.  In the future, pandas will respect the default of `sort=False`. Specify `sort=True` or `sort=False` to silence this message. If you see this warnings when not directly calling concat, report a bug to pandas.
  aligned = pd.concat([daily_map[c] for c in combo], axis=1).fillna(0.0)
/home/runner/work/publisher/publisher/coin-v8/iterative_research.py:933: Pandas4Warning: Sorting by default when concatenating all DatetimeIndex is deprecated.  In the future, pandas will respect the default of `sort=False`. Specify `sort=True` or `sort=False` to silence this message. If you see this warnings when not directly calling concat, report a bug to pandas.
  aligned = pd.concat([daily_map[c] for c in combo], axis=1).fillna(0.0)
/home/runner/work/publisher/publisher/coin-v8/iterative_research.py:933: Pandas4Warning: Sorting by default when concatenating all DatetimeIndex is deprecated.  In the future, pandas will respect the default of `sort=False`. Specify `sort=True` or `sort=False` to silence this message. If you see this warnings when not directly calling concat, report a bug to pandas.
  aligned = pd.concat([daily_map[c] for c in combo], axis=1).fillna(0.0)
/home/runner/work/publisher/publisher/coin-v8/iterative_research.py:933: Pandas4Warning: Sorting by default when concatenating all DatetimeIndex is deprecated.  In the future, pandas will respect the default of `sort=False`. Specify `sort=True` or `sort=False` to silence this message. If you see this warnings when not directly calling concat, report a bug to pandas.
  aligned = pd.concat([daily_map[c] for c in combo], axis=1).fillna(0.0)
/home/runner/work/publisher/publisher/coin-v8/iterative_research.py:933: Pandas4Warning: Sorting by default when concatenating all DatetimeIndex is deprecated.  In the future, pandas will respect the default of `sort=False`. Specify `sort=True` or `sort=False` to silence this message. If you see this warnings when not directly calling concat, report a bug to pandas.
  aligned = pd.concat([daily_map[c] for c in combo], axis=1).fillna(0.0)
/home/runner/work/publisher/publisher/coin-v8/iterative_research.py:933: Pandas4Warning: Sorting by default when concatenating all DatetimeIndex is deprecated.  In the future, pandas will respect the default of `sort=False`. Specify `sort=True` or `sort=False` to silence this message. If you see this warnings when not directly calling concat, report a bug to pandas.
  aligned = pd.concat([daily_map[c] for c in combo], axis=1).fillna(0.0)
/home/runner/work/publisher/publisher/coin-v8/iterative_research.py:933: Pandas4Warning: Sorting by default when concatenating all DatetimeIndex is deprecated.  In the future, pandas will respect the default of `sort=False`. Specify `sort=True` or `sort=False` to silence this message. If you see this warnings when not directly calling concat, report a bug to pandas.
  aligned = pd.concat([daily_map[c] for c in combo], axis=1).fillna(0.0)
/home/runner/work/publisher/publisher/coin-v8/iterative_research.py:933: Pandas4Warning: Sorting by default when concatenating all DatetimeIndex is deprecated.  In the future, pandas will respect the default of `sort=False`. Specify `sort=True` or `sort=False` to silence this message. If you see this warnings when not directly calling concat, report a bug to pandas.
  aligned = pd.concat([daily_map[c] for c in combo], axis=1).fillna(0.0)
/home/runner/work/publisher/publisher/coin-v8/iterative_research.py:933: Pandas4Warning: Sorting by default when concatenating all DatetimeIndex is deprecated.  In the future, pandas will respect the default of `sort=False`. Specify `sort=True` or `sort=False` to silence this message. If you see this warnings when not directly calling concat, report a bug to pandas.
  aligned = pd.concat([daily_map[c] for c in combo], axis=1).fillna(0.0)
/home/runner/work/publisher/publisher/coin-v8/iterative_research.py:933: Pandas4Warning: Sorting by default when concatenating all DatetimeIndex is deprecated.  In the future, pandas will respect the default of `sort=False`. Specify `sort=True` or `sort=False` to silence this message. If you see this warnings when not directly calling concat, report a bug to pandas.
  aligned = pd.concat([daily_map[c] for c in combo], axis=1).fillna(0.0)
/home/runner/work/publisher/publisher/coin-v8/iterative_research.py:933: Pandas4Warning: Sorting by default when concatenating all DatetimeIndex is deprecated.  In the future, pandas will respect the default of `sort=False`. Specify `sort=True` or `sort=False` to silence this message. If you see this warnings when not directly calling concat, report a bug to pandas.
  aligned = pd.concat([daily_map[c] for c in combo], axis=1).fillna(0.0)
/home/runner/work/publisher/publisher/coin-v8/iterative_research.py:933: Pandas4Warning: Sorting by default when concatenating all DatetimeIndex is deprecated.  In the future, pandas will respect the default of `sort=False`. Specify `sort=True` or `sort=False` to silence this message. If you see this warnings when not directly calling concat, report a bug to pandas.
  aligned = pd.concat([daily_map[c] for c in combo], axis=1).fillna(0.0)
/home/runner/work/publisher/publisher/coin-v8/iterative_research.py:933: Pandas4Warning: Sorting by default when concatenating all DatetimeIndex is deprecated.  In the future, pandas will respect the default of `sort=False`. Specify `sort=True` or `sort=False` to silence this message. If you see this warnings when not directly calling concat, report a bug to pandas.
  aligned = pd.concat([daily_map[c] for c in combo], axis=1).fillna(0.0)
/home/runner/work/publisher/publisher/coin-v8/iterative_research.py:933: Pandas4Warning: Sorting by default when concatenating all DatetimeIndex is deprecated.  In the future, pandas will respect the default of `sort=False`. Specify `sort=True` or `sort=False` to silence this message. If you see this warnings when not directly calling concat, report a bug to pandas.
  aligned = pd.concat([daily_map[c] for c in combo], axis=1).fillna(0.0)
/home/runner/work/publisher/publisher/coin-v8/iterative_research.py:933: Pandas4Warning: Sorting by default when concatenating all DatetimeIndex is deprecated.  In the future, pandas will respect the default of `sort=False`. Specify `sort=True` or `sort=False` to silence this message. If you see this warnings when not directly calling concat, report a bug to pandas.
  aligned = pd.concat([daily_map[c] for c in combo], axis=1).fillna(0.0)
/home/runner/work/publisher/publisher/coin-v8/iterative_research.py:933: Pandas4Warning: Sorting by default when concatenating all DatetimeIndex is deprecated.  In the future, pandas will respect the default of `sort=False`. Specify `sort=True` or `sort=False` to silence this message. If you see this warnings when not directly calling concat, report a bug to pandas.
  aligned = pd.concat([daily_map[c] for c in combo], axis=1).fillna(0.0)
/home/runner/work/publisher/publisher/coin-v8/iterative_research.py:933: Pandas4Warning: Sorting by default when concatenating all DatetimeIndex is deprecated.  In the future, pandas will respect the default of `sort=False`. Specify `sort=True` or `sort=False` to silence this message. If you see this warnings when not directly calling concat, report a bug to pandas.
  aligned = pd.concat([daily_map[c] for c in combo], axis=1).fillna(0.0)
/home/runner/work/publisher/publisher/coin-v8/iterative_research.py:933: Pandas4Warning: Sorting by default when concatenating all DatetimeIndex is deprecated.  In the future, pandas will respect the default of `sort=False`. Specify `sort=True` or `sort=False` to silence this message. If you see this warnings when not directly calling concat, report a bug to pandas.
  aligned = pd.concat([daily_map[c] for c in combo], axis=1).fillna(0.0)
/home/runner/work/publisher/publisher/coin-v8/iterative_research.py:933: Pandas4Warning: Sorting by default when concatenating all DatetimeIndex is deprecated.  In the future, pandas will respect the default of `sort=False`. Specify `sort=True` or `sort=False` to silence this message. If you see this warnings when not directly calling concat, report a bug to pandas.
  aligned = pd.concat([daily_map[c] for c in combo], axis=1).fillna(0.0)
/home/runner/work/publisher/publisher/coin-v8/iterative_research.py:933: Pandas4Warning: Sorting by default when concatenating all DatetimeIndex is deprecated.  In the future, pandas will respect the default of `sort=False`. Specify `sort=True` or `sort=False` to silence this message. If you see this warnings when not directly calling concat, report a bug to pandas.
  aligned = pd.concat([daily_map[c] for c in combo], axis=1).fillna(0.0)
/home/runner/work/publisher/publisher/coin-v8/iterative_research.py:933: Pandas4Warning: Sorting by default when concatenating all DatetimeIndex is deprecated.  In the future, pandas will respect the default of `sort=False`. Specify `sort=True` or `sort=False` to silence this message. If you see this warnings when not directly calling concat, report a bug to pandas.
  aligned = pd.concat([daily_map[c] for c in combo], axis=1).fillna(0.0)
/home/runner/work/publisher/publisher/coin-v8/iterative_research.py:933: Pandas4Warning: Sorting by default when concatenating all DatetimeIndex is deprecated.  In the future, pandas will respect the default of `sort=False`. Specify `sort=True` or `sort=False` to silence this message. If you see this warnings when not directly calling concat, report a bug to pandas.
  aligned = pd.concat([daily_map[c] for c in combo], axis=1).fillna(0.0)
/home/runner/work/publisher/publisher/coin-v8/iterative_research.py:933: Pandas4Warning: Sorting by default when concatenating all DatetimeIndex is deprecated.  In the future, pandas will respect the default of `sort=False`. Specify `sort=True` or `sort=False` to silence this message. If you see this warnings when not directly calling concat, report a bug to pandas.
  aligned = pd.concat([daily_map[c] for c in combo], axis=1).fillna(0.0)
/home/runner/work/publisher/publisher/coin-v8/iterative_research.py:933: Pandas4Warning: Sorting by default when concatenating all DatetimeIndex is deprecated.  In the future, pandas will respect the default of `sort=False`. Specify `sort=True` or `sort=False` to silence this message. If you see this warnings when not directly calling concat, report a bug to pandas.
  aligned = pd.concat([daily_map[c] for c in combo], axis=1).fillna(0.0)
/home/runner/work/publisher/publisher/coin-v8/iterative_research.py:933: Pandas4Warning: Sorting by default when concatenating all DatetimeIndex is deprecated.  In the future, pandas will respect the default of `sort=False`. Specify `sort=True` or `sort=False` to silence this message. If you see this warnings when not directly calling concat, report a bug to pandas.
  aligned = pd.concat([daily_map[c] for c in combo], axis=1).fillna(0.0)
/home/runner/work/publisher/publisher/coin-v8/iterative_research.py:933: Pandas4Warning: Sorting by default when concatenating all DatetimeIndex is deprecated.  In the future, pandas will respect the default of `sort=False`. Specify `sort=True` or `sort=False` to silence this message. If you see this warnings when not directly calling concat, report a bug to pandas.
  aligned = pd.concat([daily_map[c] for c in combo], axis=1).fillna(0.0)
/home/runner/work/publisher/publisher/coin-v8/iterative_research.py:933: Pandas4Warning: Sorting by default when concatenating all DatetimeIndex is deprecated.  In the future, pandas will respect the default of `sort=False`. Specify `sort=True` or `sort=False` to silence this message. If you see this warnings when not directly calling concat, report a bug to pandas.
  aligned = pd.concat([daily_map[c] for c in combo], axis=1).fillna(0.0)
/home/runner/work/publisher/publisher/coin-v8/iterative_research.py:933: Pandas4Warning: Sorting by default when concatenating all DatetimeIndex is deprecated.  In the future, pandas will respect the default of `sort=False`. Specify `sort=True` or `sort=False` to silence this message. If you see this warnings when not directly calling concat, report a bug to pandas.
  aligned = pd.concat([daily_map[c] for c in combo], axis=1).fillna(0.0)
/home/runner/work/publisher/publisher/coin-v8/iterative_research.py:933: Pandas4Warning: Sorting by default when concatenating all DatetimeIndex is deprecated.  In the future, pandas will respect the default of `sort=False`. Specify `sort=True` or `sort=False` to silence this message. If you see this warnings when not directly calling concat, report a bug to pandas.
  aligned = pd.concat([daily_map[c] for c in combo], axis=1).fillna(0.0)
/home/runner/work/publisher/publisher/coin-v8/iterative_research.py:933: Pandas4Warning: Sorting by default when concatenating all DatetimeIndex is deprecated.  In the future, pandas will respect the default of `sort=False`. Specify `sort=True` or `sort=False` to silence this message. If you see this warnings when not directly calling concat, report a bug to pandas.
  aligned = pd.concat([daily_map[c] for c in combo], axis=1).fillna(0.0)
/home/runner/work/publisher/publisher/coin-v8/iterative_research.py:933: Pandas4Warning: Sorting by default when concatenating all DatetimeIndex is deprecated.  In the future, pandas will respect the default of `sort=False`. Specify `sort=True` or `sort=False` to silence this message. If you see this warnings when not directly calling concat, report a bug to pandas.
  aligned = pd.concat([daily_map[c] for c in combo], axis=1).fillna(0.0)
/home/runner/work/publisher/publisher/coin-v8/iterative_research.py:933: Pandas4Warning: Sorting by default when concatenating all DatetimeIndex is deprecated.  In the future, pandas will respect the default of `sort=False`. Specify `sort=True` or `sort=False` to silence this message. If you see this warnings when not directly calling concat, report a bug to pandas.
  aligned = pd.concat([daily_map[c] for c in combo], axis=1).fillna(0.0)
/home/runner/work/publisher/publisher/coin-v8/iterative_research.py:933: Pandas4Warning: Sorting by default when concatenating all DatetimeIndex is deprecated.  In the future, pandas will respect the default of `sort=False`. Specify `sort=True` or `sort=False` to silence this message. If you see this warnings when not directly calling concat, report a bug to pandas.
  aligned = pd.concat([daily_map[c] for c in combo], axis=1).fillna(0.0)
/home/runner/work/publisher/publisher/coin-v8/iterative_research.py:933: Pandas4Warning: Sorting by default when concatenating all DatetimeIndex is deprecated.  In the future, pandas will respect the default of `sort=False`. Specify `sort=True` or `sort=False` to silence this message. If you see this warnings when not directly calling concat, report a bug to pandas.
  aligned = pd.concat([daily_map[c] for c in combo], axis=1).fillna(0.0)
/home/runner/work/publisher/publisher/coin-v8/iterative_research.py:933: Pandas4Warning: Sorting by default when concatenating all DatetimeIndex is deprecated.  In the future, pandas will respect the default of `sort=False`. Specify `sort=True` or `sort=False` to silence this message. If you see this warnings when not directly calling concat, report a bug to pandas.
  aligned = pd.concat([daily_map[c] for c in combo], axis=1).fillna(0.0)
/home/runner/work/publisher/publisher/coin-v8/iterative_research.py:933: Pandas4Warning: Sorting by default when concatenating all DatetimeIndex is deprecated.  In the future, pandas will respect the default of `sort=False`. Specify `sort=True` or `sort=False` to silence this message. If you see this warnings when not directly calling concat, report a bug to pandas.
  aligned = pd.concat([daily_map[c] for c in combo], axis=1).fillna(0.0)
/home/runner/work/publisher/publisher/coin-v8/iterative_research.py:933: Pandas4Warning: Sorting by default when concatenating all DatetimeIndex is deprecated.  In the future, pandas will respect the default of `sort=False`. Specify `sort=True` or `sort=False` to silence this message. If you see this warnings when not directly calling concat, report a bug to pandas.
  aligned = pd.concat([daily_map[c] for c in combo], axis=1).fillna(0.0)
/home/runner/work/publisher/publisher/coin-v8/iterative_research.py:933: Pandas4Warning: Sorting by default when concatenating all DatetimeIndex is deprecated.  In the future, pandas will respect the default of `sort=False`. Specify `sort=True` or `sort=False` to silence this message. If you see this warnings when not directly calling concat, report a bug to pandas.
  aligned = pd.concat([daily_map[c] for c in combo], axis=1).fillna(0.0)
/home/runner/work/publisher/publisher/coin-v8/iterative_research.py:933: Pandas4Warning: Sorting by default when concatenating all DatetimeIndex is deprecated.  In the future, pandas will respect the default of `sort=False`. Specify `sort=True` or `sort=False` to silence this message. If you see this warnings when not directly calling concat, report a bug to pandas.
  aligned = pd.concat([daily_map[c] for c in combo], axis=1).fillna(0.0)
/home/runner/work/publisher/publisher/coin-v8/iterative_research.py:933: Pandas4Warning: Sorting by default when concatenating all DatetimeIndex is deprecated.  In the future, pandas will respect the default of `sort=False`. Specify `sort=True` or `sort=False` to silence this message. If you see this warnings when not directly calling concat, report a bug to pandas.
  aligned = pd.concat([daily_map[c] for c in combo], axis=1).fillna(0.0)
/home/runner/work/publisher/publisher/coin-v8/iterative_research.py:933: Pandas4Warning: Sorting by default when concatenating all DatetimeIndex is deprecated.  In the future, pandas will respect the default of `sort=False`. Specify `sort=True` or `sort=False` to silence this message. If you see this warnings when not directly calling concat, report a bug to pandas.
  aligned = pd.concat([daily_map[c] for c in combo], axis=1).fillna(0.0)
/home/runner/work/publisher/publisher/coin-v8/iterative_research.py:933: Pandas4Warning: Sorting by default when concatenating all DatetimeIndex is deprecated.  In the future, pandas will respect the default of `sort=False`. Specify `sort=True` or `sort=False` to silence this message. If you see this warnings when not directly calling concat, report a bug to pandas.
  aligned = pd.concat([daily_map[c] for c in combo], axis=1).fillna(0.0)
/home/runner/work/publisher/publisher/coin-v8/iterative_research.py:933: Pandas4Warning: Sorting by default when concatenating all DatetimeIndex is deprecated.  In the future, pandas will respect the default of `sort=False`. Specify `sort=True` or `sort=False` to silence this message. If you see this warnings when not directly calling concat, report a bug to pandas.
  aligned = pd.concat([daily_map[c] for c in combo], axis=1).fillna(0.0)
/home/runner/work/publisher/publisher/coin-v8/iterative_research.py:933: Pandas4Warning: Sorting by default when concatenating all DatetimeIndex is deprecated.  In the future, pandas will respect the default of `sort=False`. Specify `sort=True` or `sort=False` to silence this message. If you see this warnings when not directly calling concat, report a bug to pandas.
  aligned = pd.concat([daily_map[c] for c in combo], axis=1).fillna(0.0)
/home/runner/work/publisher/publisher/coin-v8/iterative_research.py:933: Pandas4Warning: Sorting by default when concatenating all DatetimeIndex is deprecated.  In the future, pandas will respect the default of `sort=False`. Specify `sort=True` or `sort=False` to silence this message. If you see this warnings when not directly calling concat, report a bug to pandas.
  aligned = pd.concat([daily_map[c] for c in combo], axis=1).fillna(0.0)
/home/runner/work/publisher/publisher/coin-v8/iterative_research.py:933: Pandas4Warning: Sorting by default when concatenating all DatetimeIndex is deprecated.  In the future, pandas will respect the default of `sort=False`. Specify `sort=True` or `sort=False` to silence this message. If you see this warnings when not directly calling concat, report a bug to pandas.
  aligned = pd.concat([daily_map[c] for c in combo], axis=1).fillna(0.0)
/home/runner/work/publisher/publisher/coin-v8/iterative_research.py:933: Pandas4Warning: Sorting by default when concatenating all DatetimeIndex is deprecated.  In the future, pandas will respect the default of `sort=False`. Specify `sort=True` or `sort=False` to silence this message. If you see this warnings when not directly calling concat, report a bug to pandas.
  aligned = pd.concat([daily_map[c] for c in combo], axis=1).fillna(0.0)
/home/runner/work/publisher/publisher/coin-v8/iterative_research.py:933: Pandas4Warning: Sorting by default when concatenating all DatetimeIndex is deprecated.  In the future, pandas will respect the default of `sort=False`. Specify `sort=True` or `sort=False` to silence this message. If you see this warnings when not directly calling concat, report a bug to pandas.
  aligned = pd.concat([daily_map[c] for c in combo], axis=1).fillna(0.0)
/home/runner/work/publisher/publisher/coin-v8/iterative_research.py:933: Pandas4Warning: Sorting by default when concatenating all DatetimeIndex is deprecated.  In the future, pandas will respect the default of `sort=False`. Specify `sort=True` or `sort=False` to silence this message. If you see this warnings when not directly calling concat, report a bug to pandas.
  aligned = pd.concat([daily_map[c] for c in combo], axis=1).fillna(0.0)
/home/runner/work/publisher/publisher/coin-v8/iterative_research.py:933: Pandas4Warning: Sorting by default when concatenating all DatetimeIndex is deprecated.  In the future, pandas will respect the default of `sort=False`. Specify `sort=True` or `sort=False` to silence this message. If you see this warnings when not directly calling concat, report a bug to pandas.
  aligned = pd.concat([daily_map[c] for c in combo], axis=1).fillna(0.0)
/home/runner/work/publisher/publisher/coin-v8/iterative_research.py:933: Pandas4Warning: Sorting by default when concatenating all DatetimeIndex is deprecated.  In the future, pandas will respect the default of `sort=False`. Specify `sort=True` or `sort=False` to silence this message. If you see this warnings when not directly calling concat, report a bug to pandas.
  aligned = pd.concat([daily_map[c] for c in combo], axis=1).fillna(0.0)
/home/runner/work/publisher/publisher/coin-v8/iterative_research.py:933: Pandas4Warning: Sorting by default when concatenating all DatetimeIndex is deprecated.  In the future, pandas will respect the default of `sort=False`. Specify `sort=True` or `sort=False` to silence this message. If you see this warnings when not directly calling concat, report a bug to pandas.
  aligned = pd.concat([daily_map[c] for c in combo], axis=1).fillna(0.0)
/home/runner/work/publisher/publisher/coin-v8/iterative_research.py:933: Pandas4Warning: Sorting by default when concatenating all DatetimeIndex is deprecated.  In the future, pandas will respect the default of `sort=False`. Specify `sort=True` or `sort=False` to silence this message. If you see this warnings when not directly calling concat, report a bug to pandas.
  aligned = pd.concat([daily_map[c] for c in combo], axis=1).fillna(0.0)
/home/runner/work/publisher/publisher/coin-v8/iterative_research.py:933: Pandas4Warning: Sorting by default when concatenating all DatetimeIndex is deprecated.  In the future, pandas will respect the default of `sort=False`. Specify `sort=True` or `sort=False` to silence this message. If you see this warnings when not directly calling concat, report a bug to pandas.
  aligned = pd.concat([daily_map[c] for c in combo], axis=1).fillna(0.0)
/home/runner/work/publisher/publisher/coin-v8/iterative_research.py:933: Pandas4Warning: Sorting by default when concatenating all DatetimeIndex is deprecated.  In the future, pandas will respect the default of `sort=False`. Specify `sort=True` or `sort=False` to silence this message. If you see this warnings when not directly calling concat, report a bug to pandas.
  aligned = pd.concat([daily_map[c] for c in combo], axis=1).fillna(0.0)
/home/runner/work/publisher/publisher/coin-v8/iterative_research.py:933: Pandas4Warning: Sorting by default when concatenating all DatetimeIndex is deprecated.  In the future, pandas will respect the default of `sort=False`. Specify `sort=True` or `sort=False` to silence this message. If you see this warnings when not directly calling concat, report a bug to pandas.
  aligned = pd.concat([daily_map[c] for c in combo], axis=1).fillna(0.0)
/home/runner/work/publisher/publisher/coin-v8/iterative_research.py:933: Pandas4Warning: Sorting by default when concatenating all DatetimeIndex is deprecated.  In the future, pandas will respect the default of `sort=False`. Specify `sort=True` or `sort=False` to silence this message. If you see this warnings when not directly calling concat, report a bug to pandas.
  aligned = pd.concat([daily_map[c] for c in combo], axis=1).fillna(0.0)
/home/runner/work/publisher/publisher/coin-v8/iterative_research.py:933: Pandas4Warning: Sorting by default when concatenating all DatetimeIndex is deprecated.  In the future, pandas will respect the default of `sort=False`. Specify `sort=True` or `sort=False` to silence this message. If you see this warnings when not directly calling concat, report a bug to pandas.
  aligned = pd.concat([daily_map[c] for c in combo], axis=1).fillna(0.0)
/home/runner/work/publisher/publisher/coin-v8/iterative_research.py:933: Pandas4Warning: Sorting by default when concatenating all DatetimeIndex is deprecated.  In the future, pandas will respect the default of `sort=False`. Specify `sort=True` or `sort=False` to silence this message. If you see this warnings when not directly calling concat, report a bug to pandas.
  aligned = pd.concat([daily_map[c] for c in combo], axis=1).fillna(0.0)
/home/runner/work/publisher/publisher/coin-v8/iterative_research.py:933: Pandas4Warning: Sorting by default when concatenating all DatetimeIndex is deprecated.  In the future, pandas will respect the default of `sort=False`. Specify `sort=True` or `sort=False` to silence this message. If you see this warnings when not directly calling concat, report a bug to pandas.
  aligned = pd.concat([daily_map[c] for c in combo], axis=1).fillna(0.0)
/home/runner/work/publisher/publisher/coin-v8/iterative_research.py:933: Pandas4Warning: Sorting by default when concatenating all DatetimeIndex is deprecated.  In the future, pandas will respect the default of `sort=False`. Specify `sort=True` or `sort=False` to silence this message. If you see this warnings when not directly calling concat, report a bug to pandas.
  aligned = pd.concat([daily_map[c] for c in combo], axis=1).fillna(0.0)
/home/runner/work/publisher/publisher/coin-v8/iterative_research.py:933: Pandas4Warning: Sorting by default when concatenating all DatetimeIndex is deprecated.  In the future, pandas will respect the default of `sort=False`. Specify `sort=True` or `sort=False` to silence this message. If you see this warnings when not directly calling concat, report a bug to pandas.
  aligned = pd.concat([daily_map[c] for c in combo], axis=1).fillna(0.0)
/home/runner/work/publisher/publisher/coin-v8/iterative_research.py:933: Pandas4Warning: Sorting by default when concatenating all DatetimeIndex is deprecated.  In the future, pandas will respect the default of `sort=False`. Specify `sort=True` or `sort=False` to silence this message. If you see this warnings when not directly calling concat, report a bug to pandas.
  aligned = pd.concat([daily_map[c] for c in combo], axis=1).fillna(0.0)
/home/runner/work/publisher/publisher/coin-v8/iterative_research.py:933: Pandas4Warning: Sorting by default when concatenating all DatetimeIndex is deprecated.  In the future, pandas will respect the default of `sort=False`. Specify `sort=True` or `sort=False` to silence this message. If you see this warnings when not directly calling concat, report a bug to pandas.
  aligned = pd.concat([daily_map[c] for c in combo], axis=1).fillna(0.0)
/home/runner/work/publisher/publisher/coin-v8/iterative_research.py:933: Pandas4Warning: Sorting by default when concatenating all DatetimeIndex is deprecated.  In the future, pandas will respect the default of `sort=False`. Specify `sort=True` or `sort=False` to silence this message. If you see this warnings when not directly calling concat, report a bug to pandas.
  aligned = pd.concat([daily_map[c] for c in combo], axis=1).fillna(0.0)
/home/runner/work/publisher/publisher/coin-v8/iterative_research.py:933: Pandas4Warning: Sorting by default when concatenating all DatetimeIndex is deprecated.  In the future, pandas will respect the default of `sort=False`. Specify `sort=True` or `sort=False` to silence this message. If you see this warnings when not directly calling concat, report a bug to pandas.
  aligned = pd.concat([daily_map[c] for c in combo], axis=1).fillna(0.0)
/home/runner/work/publisher/publisher/coin-v8/iterative_research.py:933: Pandas4Warning: Sorting by default when concatenating all DatetimeIndex is deprecated.  In the future, pandas will respect the default of `sort=False`. Specify `sort=True` or `sort=False` to silence this message. If you see this warnings when not directly calling concat, report a bug to pandas.
  aligned = pd.concat([daily_map[c] for c in combo], axis=1).fillna(0.0)
/home/runner/work/publisher/publisher/coin-v8/iterative_research.py:933: Pandas4Warning: Sorting by default when concatenating all DatetimeIndex is deprecated.  In the future, pandas will respect the default of `sort=False`. Specify `sort=True` or `sort=False` to silence this message. If you see this warnings when not directly calling concat, report a bug to pandas.
  aligned = pd.concat([daily_map[c] for c in combo], axis=1).fillna(0.0)
/home/runner/work/publisher/publisher/coin-v8/iterative_research.py:933: Pandas4Warning: Sorting by default when concatenating all DatetimeIndex is deprecated.  In the future, pandas will respect the default of `sort=False`. Specify `sort=True` or `sort=False` to silence this message. If you see this warnings when not directly calling concat, report a bug to pandas.
  aligned = pd.concat([daily_map[c] for c in combo], axis=1).fillna(0.0)
/home/runner/work/publisher/publisher/coin-v8/iterative_research.py:933: Pandas4Warning: Sorting by default when concatenating all DatetimeIndex is deprecated.  In the future, pandas will respect the default of `sort=False`. Specify `sort=True` or `sort=False` to silence this message. If you see this warnings when not directly calling concat, report a bug to pandas.
  aligned = pd.concat([daily_map[c] for c in combo], axis=1).fillna(0.0)
/home/runner/work/publisher/publisher/coin-v8/iterative_research.py:933: Pandas4Warning: Sorting by default when concatenating all DatetimeIndex is deprecated.  In the future, pandas will respect the default of `sort=False`. Specify `sort=True` or `sort=False` to silence this message. If you see this warnings when not directly calling concat, report a bug to pandas.
  aligned = pd.concat([daily_map[c] for c in combo], axis=1).fillna(0.0)
/home/runner/work/publisher/publisher/coin-v8/iterative_research.py:933: Pandas4Warning: Sorting by default when concatenating all DatetimeIndex is deprecated.  In the future, pandas will respect the default of `sort=False`. Specify `sort=True` or `sort=False` to silence this message. If you see this warnings when not directly calling concat, report a bug to pandas.
  aligned = pd.concat([daily_map[c] for c in combo], axis=1).fillna(0.0)
/home/runner/work/publisher/publisher/coin-v8/iterative_research.py:933: Pandas4Warning: Sorting by default when concatenating all DatetimeIndex is deprecated.  In the future, pandas will respect the default of `sort=False`. Specify `sort=True` or `sort=False` to silence this message. If you see this warnings when not directly calling concat, report a bug to pandas.
  aligned = pd.concat([daily_map[c] for c in combo], axis=1).fillna(0.0)
/home/runner/work/publisher/publisher/coin-v8/iterative_research.py:933: Pandas4Warning: Sorting by default when concatenating all DatetimeIndex is deprecated.  In the future, pandas will respect the default of `sort=False`. Specify `sort=True` or `sort=False` to silence this message. If you see this warnings when not directly calling concat, report a bug to pandas.
  aligned = pd.concat([daily_map[c] for c in combo], axis=1).fillna(0.0)
/home/runner/work/publisher/publisher/coin-v8/iterative_research.py:933: Pandas4Warning: Sorting by default when concatenating all DatetimeIndex is deprecated.  In the future, pandas will respect the default of `sort=False`. Specify `sort=True` or `sort=False` to silence this message. If you see this warnings when not directly calling concat, report a bug to pandas.
  aligned = pd.concat([daily_map[c] for c in combo], axis=1).fillna(0.0)
/home/runner/work/publisher/publisher/coin-v8/iterative_research.py:933: Pandas4Warning: Sorting by default when concatenating all DatetimeIndex is deprecated.  In the future, pandas will respect the default of `sort=False`. Specify `sort=True` or `sort=False` to silence this message. If you see this warnings when not directly calling concat, report a bug to pandas.
  aligned = pd.concat([daily_map[c] for c in combo], axis=1).fillna(0.0)
/home/runner/work/publisher/publisher/coin-v8/iterative_research.py:933: Pandas4Warning: Sorting by default when concatenating all DatetimeIndex is deprecated.  In the future, pandas will respect the default of `sort=False`. Specify `sort=True` or `sort=False` to silence this message. If you see this warnings when not directly calling concat, report a bug to pandas.
  aligned = pd.concat([daily_map[c] for c in combo], axis=1).fillna(0.0)
/home/runner/work/publisher/publisher/coin-v8/iterative_research.py:933: Pandas4Warning: Sorting by default when concatenating all DatetimeIndex is deprecated.  In the future, pandas will respect the default of `sort=False`. Specify `sort=True` or `sort=False` to silence this message. If you see this warnings when not directly calling concat, report a bug to pandas.
  aligned = pd.concat([daily_map[c] for c in combo], axis=1).fillna(0.0)
/home/runner/work/publisher/publisher/coin-v8/iterative_research.py:933: Pandas4Warning: Sorting by default when concatenating all DatetimeIndex is deprecated.  In the future, pandas will respect the default of `sort=False`. Specify `sort=True` or `sort=False` to silence this message. If you see this warnings when not directly calling concat, report a bug to pandas.
  aligned = pd.concat([daily_map[c] for c in combo], axis=1).fillna(0.0)
/home/runner/work/publisher/publisher/coin-v8/iterative_research.py:933: Pandas4Warning: Sorting by default when concatenating all DatetimeIndex is deprecated.  In the future, pandas will respect the default of `sort=False`. Specify `sort=True` or `sort=False` to silence this message. If you see this warnings when not directly calling concat, report a bug to pandas.
  aligned = pd.concat([daily_map[c] for c in combo], axis=1).fillna(0.0)
/home/runner/work/publisher/publisher/coin-v8/iterative_research.py:933: Pandas4Warning: Sorting by default when concatenating all DatetimeIndex is deprecated.  In the future, pandas will respect the default of `sort=False`. Specify `sort=True` or `sort=False` to silence this message. If you see this warnings when not directly calling concat, report a bug to pandas.
  aligned = pd.concat([daily_map[c] for c in combo], axis=1).fillna(0.0)
/home/runner/work/publisher/publisher/coin-v8/iterative_research.py:933: Pandas4Warning: Sorting by default when concatenating all DatetimeIndex is deprecated.  In the future, pandas will respect the default of `sort=False`. Specify `sort=True` or `sort=False` to silence this message. If you see this warnings when not directly calling concat, report a bug to pandas.
  aligned = pd.concat([daily_map[c] for c in combo], axis=1).fillna(0.0)
/home/runner/work/publisher/publisher/coin-v8/iterative_research.py:933: Pandas4Warning: Sorting by default when concatenating all DatetimeIndex is deprecated.  In the future, pandas will respect the default of `sort=False`. Specify `sort=True` or `sort=False` to silence this message. If you see this warnings when not directly calling concat, report a bug to pandas.
  aligned = pd.concat([daily_map[c] for c in combo], axis=1).fillna(0.0)
/home/runner/work/publisher/publisher/coin-v8/iterative_research.py:933: Pandas4Warning: Sorting by default when concatenating all DatetimeIndex is deprecated.  In the future, pandas will respect the default of `sort=False`. Specify `sort=True` or `sort=False` to silence this message. If you see this warnings when not directly calling concat, report a bug to pandas.
  aligned = pd.concat([daily_map[c] for c in combo], axis=1).fillna(0.0)
/home/runner/work/publisher/publisher/coin-v8/iterative_research.py:933: Pandas4Warning: Sorting by default when concatenating all DatetimeIndex is deprecated.  In the future, pandas will respect the default of `sort=False`. Specify `sort=True` or `sort=False` to silence this message. If you see this warnings when not directly calling concat, report a bug to pandas.
  aligned = pd.concat([daily_map[c] for c in combo], axis=1).fillna(0.0)
/home/runner/work/publisher/publisher/coin-v8/iterative_research.py:933: Pandas4Warning: Sorting by default when concatenating all DatetimeIndex is deprecated.  In the future, pandas will respect the default of `sort=False`. Specify `sort=True` or `sort=False` to silence this message. If you see this warnings when not directly calling concat, report a bug to pandas.
  aligned = pd.concat([daily_map[c] for c in combo], axis=1).fillna(0.0)
/home/runner/work/publisher/publisher/coin-v8/iterative_research.py:933: Pandas4Warning: Sorting by default when concatenating all DatetimeIndex is deprecated.  In the future, pandas will respect the default of `sort=False`. Specify `sort=True` or `sort=False` to silence this message. If you see this warnings when not directly calling concat, report a bug to pandas.
  aligned = pd.concat([daily_map[c] for c in combo], axis=1).fillna(0.0)
/home/runner/work/publisher/publisher/coin-v8/iterative_research.py:933: Pandas4Warning: Sorting by default when concatenating all DatetimeIndex is deprecated.  In the future, pandas will respect the default of `sort=False`. Specify `sort=True` or `sort=False` to silence this message. If you see this warnings when not directly calling concat, report a bug to pandas.
  aligned = pd.concat([daily_map[c] for c in combo], axis=1).fillna(0.0)
/home/runner/work/publisher/publisher/coin-v8/iterative_research.py:933: Pandas4Warning: Sorting by default when concatenating all DatetimeIndex is deprecated.  In the future, pandas will respect the default of `sort=False`. Specify `sort=True` or `sort=False` to silence this message. If you see this warnings when not directly calling concat, report a bug to pandas.
  aligned = pd.concat([daily_map[c] for c in combo], axis=1).fillna(0.0)
/home/runner/work/publisher/publisher/coin-v8/iterative_research.py:933: Pandas4Warning: Sorting by default when concatenating all DatetimeIndex is deprecated.  In the future, pandas will respect the default of `sort=False`. Specify `sort=True` or `sort=False` to silence this message. If you see this warnings when not directly calling concat, report a bug to pandas.
  aligned = pd.concat([daily_map[c] for c in combo], axis=1).fillna(0.0)
/home/runner/work/publisher/publisher/coin-v8/iterative_research.py:933: Pandas4Warning: Sorting by default when concatenating all DatetimeIndex is deprecated.  In the future, pandas will respect the default of `sort=False`. Specify `sort=True` or `sort=False` to silence this message. If you see this warnings when not directly calling concat, report a bug to pandas.
  aligned = pd.concat([daily_map[c] for c in combo], axis=1).fillna(0.0)
/home/runner/work/publisher/publisher/coin-v8/iterative_research.py:933: Pandas4Warning: Sorting by default when concatenating all DatetimeIndex is deprecated.  In the future, pandas will respect the default of `sort=False`. Specify `sort=True` or `sort=False` to silence this message. If you see this warnings when not directly calling concat, report a bug to pandas.
  aligned = pd.concat([daily_map[c] for c in combo], axis=1).fillna(0.0)
/home/runner/work/publisher/publisher/coin-v8/iterative_research.py:933: Pandas4Warning: Sorting by default when concatenating all DatetimeIndex is deprecated.  In the future, pandas will respect the default of `sort=False`. Specify `sort=True` or `sort=False` to silence this message. If you see this warnings when not directly calling concat, report a bug to pandas.
  aligned = pd.concat([daily_map[c] for c in combo], axis=1).fillna(0.0)
/home/runner/work/publisher/publisher/coin-v8/iterative_research.py:933: Pandas4Warning: Sorting by default when concatenating all DatetimeIndex is deprecated.  In the future, pandas will respect the default of `sort=False`. Specify `sort=True` or `sort=False` to silence this message. If you see this warnings when not directly calling concat, report a bug to pandas.
  aligned = pd.concat([daily_map[c] for c in combo], axis=1).fillna(0.0)
/home/runner/work/publisher/publisher/coin-v8/iterative_research.py:933: Pandas4Warning: Sorting by default when concatenating all DatetimeIndex is deprecated.  In the future, pandas will respect the default of `sort=False`. Specify `sort=True` or `sort=False` to silence this message. If you see this warnings when not directly calling concat, report a bug to pandas.
  aligned = pd.concat([daily_map[c] for c in combo], axis=1).fillna(0.0)
/home/runner/work/publisher/publisher/coin-v8/iterative_research.py:933: Pandas4Warning: Sorting by default when concatenating all DatetimeIndex is deprecated.  In the future, pandas will respect the default of `sort=False`. Specify `sort=True` or `sort=False` to silence this message. If you see this warnings when not directly calling concat, report a bug to pandas.
  aligned = pd.concat([daily_map[c] for c in combo], axis=1).fillna(0.0)
/home/runner/work/publisher/publisher/coin-v8/iterative_research.py:933: Pandas4Warning: Sorting by default when concatenating all DatetimeIndex is deprecated.  In the future, pandas will respect the default of `sort=False`. Specify `sort=True` or `sort=False` to silence this message. If you see this warnings when not directly calling concat, report a bug to pandas.
  aligned = pd.concat([daily_map[c] for c in combo], axis=1).fillna(0.0)
/home/runner/work/publisher/publisher/coin-v8/iterative_research.py:933: Pandas4Warning: Sorting by default when concatenating all DatetimeIndex is deprecated.  In the future, pandas will respect the default of `sort=False`. Specify `sort=True` or `sort=False` to silence this message. If you see this warnings when not directly calling concat, report a bug to pandas.
  aligned = pd.concat([daily_map[c] for c in combo], axis=1).fillna(0.0)
/home/runner/work/publisher/publisher/coin-v8/iterative_research.py:933: Pandas4Warning: Sorting by default when concatenating all DatetimeIndex is deprecated.  In the future, pandas will respect the default of `sort=False`. Specify `sort=True` or `sort=False` to silence this message. If you see this warnings when not directly calling concat, report a bug to pandas.
  aligned = pd.concat([daily_map[c] for c in combo], axis=1).fillna(0.0)
/home/runner/work/publisher/publisher/coin-v8/iterative_research.py:933: Pandas4Warning: Sorting by default when concatenating all DatetimeIndex is deprecated.  In the future, pandas will respect the default of `sort=False`. Specify `sort=True` or `sort=False` to silence this message. If you see this warnings when not directly calling concat, report a bug to pandas.
  aligned = pd.concat([daily_map[c] for c in combo], axis=1).fillna(0.0)
/home/runner/work/publisher/publisher/coin-v8/iterative_research.py:933: Pandas4Warning: Sorting by default when concatenating all DatetimeIndex is deprecated.  In the future, pandas will respect the default of `sort=False`. Specify `sort=True` or `sort=False` to silence this message. If you see this warnings when not directly calling concat, report a bug to pandas.
  aligned = pd.concat([daily_map[c] for c in combo], axis=1).fillna(0.0)
/home/runner/work/publisher/publisher/coin-v8/iterative_research.py:933: Pandas4Warning: Sorting by default when concatenating all DatetimeIndex is deprecated.  In the future, pandas will respect the default of `sort=False`. Specify `sort=True` or `sort=False` to silence this message. If you see this warnings when not directly calling concat, report a bug to pandas.
  aligned = pd.concat([daily_map[c] for c in combo], axis=1).fillna(0.0)
/home/runner/work/publisher/publisher/coin-v8/iterative_research.py:933: Pandas4Warning: Sorting by default when concatenating all DatetimeIndex is deprecated.  In the future, pandas will respect the default of `sort=False`. Specify `sort=True` or `sort=False` to silence this message. If you see this warnings when not directly calling concat, report a bug to pandas.
  aligned = pd.concat([daily_map[c] for c in combo], axis=1).fillna(0.0)
/home/runner/work/publisher/publisher/coin-v8/iterative_research.py:933: Pandas4Warning: Sorting by default when concatenating all DatetimeIndex is deprecated.  In the future, pandas will respect the default of `sort=False`. Specify `sort=True` or `sort=False` to silence this message. If you see this warnings when not directly calling concat, report a bug to pandas.
  aligned = pd.concat([daily_map[c] for c in combo], axis=1).fillna(0.0)
/home/runner/work/publisher/publisher/coin-v8/iterative_research.py:933: Pandas4Warning: Sorting by default when concatenating all DatetimeIndex is deprecated.  In the future, pandas will respect the default of `sort=False`. Specify `sort=True` or `sort=False` to silence this message. If you see this warnings when not directly calling concat, report a bug to pandas.
  aligned = pd.concat([daily_map[c] for c in combo], axis=1).fillna(0.0)
/home/runner/work/publisher/publisher/coin-v8/iterative_research.py:933: Pandas4Warning: Sorting by default when concatenating all DatetimeIndex is deprecated.  In the future, pandas will respect the default of `sort=False`. Specify `sort=True` or `sort=False` to silence this message. If you see this warnings when not directly calling concat, report a bug to pandas.
  aligned = pd.concat([daily_map[c] for c in combo], axis=1).fillna(0.0)
/home/runner/work/publisher/publisher/coin-v8/iterative_research.py:933: Pandas4Warning: Sorting by default when concatenating all DatetimeIndex is deprecated.  In the future, pandas will respect the default of `sort=False`. Specify `sort=True` or `sort=False` to silence this message. If you see this warnings when not directly calling concat, report a bug to pandas.
  aligned = pd.concat([daily_map[c] for c in combo], axis=1).fillna(0.0)
/home/runner/work/publisher/publisher/coin-v8/iterative_research.py:933: Pandas4Warning: Sorting by default when concatenating all DatetimeIndex is deprecated.  In the future, pandas will respect the default of `sort=False`. Specify `sort=True` or `sort=False` to silence this message. If you see this warnings when not directly calling concat, report a bug to pandas.
  aligned = pd.concat([daily_map[c] for c in combo], axis=1).fillna(0.0)
/home/runner/work/publisher/publisher/coin-v8/iterative_research.py:933: Pandas4Warning: Sorting by default when concatenating all DatetimeIndex is deprecated.  In the future, pandas will respect the default of `sort=False`. Specify `sort=True` or `sort=False` to silence this message. If you see this warnings when not directly calling concat, report a bug to pandas.
  aligned = pd.concat([daily_map[c] for c in combo], axis=1).fillna(0.0)
/home/runner/work/publisher/publisher/coin-v8/iterative_research.py:933: Pandas4Warning: Sorting by default when concatenating all DatetimeIndex is deprecated.  In the future, pandas will respect the default of `sort=False`. Specify `sort=True` or `sort=False` to silence this message. If you see this warnings when not directly calling concat, report a bug to pandas.
  aligned = pd.concat([daily_map[c] for c in combo], axis=1).fillna(0.0)
/home/runner/work/publisher/publisher/coin-v8/iterative_research.py:933: Pandas4Warning: Sorting by default when concatenating all DatetimeIndex is deprecated.  In the future, pandas will respect the default of `sort=False`. Specify `sort=True` or `sort=False` to silence this message. If you see this warnings when not directly calling concat, report a bug to pandas.
  aligned = pd.concat([daily_map[c] for c in combo], axis=1).fillna(0.0)
/home/runner/work/publisher/publisher/coin-v8/iterative_research.py:933: Pandas4Warning: Sorting by default when concatenating all DatetimeIndex is deprecated.  In the future, pandas will respect the default of `sort=False`. Specify `sort=True` or `sort=False` to silence this message. If you see this warnings when not directly calling concat, report a bug to pandas.
  aligned = pd.concat([daily_map[c] for c in combo], axis=1).fillna(0.0)
/home/runner/work/publisher/publisher/coin-v8/iterative_research.py:933: Pandas4Warning: Sorting by default when concatenating all DatetimeIndex is deprecated.  In the future, pandas will respect the default of `sort=False`. Specify `sort=True` or `sort=False` to silence this message. If you see this warnings when not directly calling concat, report a bug to pandas.
  aligned = pd.concat([daily_map[c] for c in combo], axis=1).fillna(0.0)
/home/runner/work/publisher/publisher/coin-v8/iterative_research.py:933: Pandas4Warning: Sorting by default when concatenating all DatetimeIndex is deprecated.  In the future, pandas will respect the default of `sort=False`. Specify `sort=True` or `sort=False` to silence this message. If you see this warnings when not directly calling concat, report a bug to pandas.
  aligned = pd.concat([daily_map[c] for c in combo], axis=1).fillna(0.0)
/home/runner/work/publisher/publisher/coin-v8/iterative_research.py:933: Pandas4Warning: Sorting by default when concatenating all DatetimeIndex is deprecated.  In the future, pandas will respect the default of `sort=False`. Specify `sort=True` or `sort=False` to silence this message. If you see this warnings when not directly calling concat, report a bug to pandas.
  aligned = pd.concat([daily_map[c] for c in combo], axis=1).fillna(0.0)
/home/runner/work/publisher/publisher/coin-v8/iterative_research.py:933: Pandas4Warning: Sorting by default when concatenating all DatetimeIndex is deprecated.  In the future, pandas will respect the default of `sort=False`. Specify `sort=True` or `sort=False` to silence this message. If you see this warnings when not directly calling concat, report a bug to pandas.
  aligned = pd.concat([daily_map[c] for c in combo], axis=1).fillna(0.0)
/home/runner/work/publisher/publisher/coin-v8/iterative_research.py:933: Pandas4Warning: Sorting by default when concatenating all DatetimeIndex is deprecated.  In the future, pandas will respect the default of `sort=False`. Specify `sort=True` or `sort=False` to silence this message. If you see this warnings when not directly calling concat, report a bug to pandas.
  aligned = pd.concat([daily_map[c] for c in combo], axis=1).fillna(0.0)
/home/runner/work/publisher/publisher/coin-v8/iterative_research.py:933: Pandas4Warning: Sorting by default when concatenating all DatetimeIndex is deprecated.  In the future, pandas will respect the default of `sort=False`. Specify `sort=True` or `sort=False` to silence this message. If you see this warnings when not directly calling concat, report a bug to pandas.
  aligned = pd.concat([daily_map[c] for c in combo], axis=1).fillna(0.0)
/home/runner/work/publisher/publisher/coin-v8/iterative_research.py:933: Pandas4Warning: Sorting by default when concatenating all DatetimeIndex is deprecated.  In the future, pandas will respect the default of `sort=False`. Specify `sort=True` or `sort=False` to silence this message. If you see this warnings when not directly calling concat, report a bug to pandas.
  aligned = pd.concat([daily_map[c] for c in combo], axis=1).fillna(0.0)
/home/runner/work/publisher/publisher/coin-v8/iterative_research.py:933: Pandas4Warning: Sorting by default when concatenating all DatetimeIndex is deprecated.  In the future, pandas will respect the default of `sort=False`. Specify `sort=True` or `sort=False` to silence this message. If you see this warnings when not directly calling concat, report a bug to pandas.
  aligned = pd.concat([daily_map[c] for c in combo], axis=1).fillna(0.0)
/home/runner/work/publisher/publisher/coin-v8/iterative_research.py:933: Pandas4Warning: Sorting by default when concatenating all DatetimeIndex is deprecated.  In the future, pandas will respect the default of `sort=False`. Specify `sort=True` or `sort=False` to silence this message. If you see this warnings when not directly calling concat, report a bug to pandas.
  aligned = pd.concat([daily_map[c] for c in combo], axis=1).fillna(0.0)
/home/runner/work/publisher/publisher/coin-v8/iterative_research.py:933: Pandas4Warning: Sorting by default when concatenating all DatetimeIndex is deprecated.  In the future, pandas will respect the default of `sort=False`. Specify `sort=True` or `sort=False` to silence this message. If you see this warnings when not directly calling concat, report a bug to pandas.
  aligned = pd.concat([daily_map[c] for c in combo], axis=1).fillna(0.0)
/home/runner/work/publisher/publisher/coin-v8/iterative_research.py:933: Pandas4Warning: Sorting by default when concatenating all DatetimeIndex is deprecated.  In the future, pandas will respect the default of `sort=False`. Specify `sort=True` or `sort=False` to silence this message. If you see this warnings when not directly calling concat, report a bug to pandas.
  aligned = pd.concat([daily_map[c] for c in combo], axis=1).fillna(0.0)
/home/runner/work/publisher/publisher/coin-v8/iterative_research.py:933: Pandas4Warning: Sorting by default when concatenating all DatetimeIndex is deprecated.  In the future, pandas will respect the default of `sort=False`. Specify `sort=True` or `sort=False` to silence this message. If you see this warnings when not directly calling concat, report a bug to pandas.
  aligned = pd.concat([daily_map[c] for c in combo], axis=1).fillna(0.0)
/home/runner/work/publisher/publisher/coin-v8/iterative_research.py:933: Pandas4Warning: Sorting by default when concatenating all DatetimeIndex is deprecated.  In the future, pandas will respect the default of `sort=False`. Specify `sort=True` or `sort=False` to silence this message. If you see this warnings when not directly calling concat, report a bug to pandas.
  aligned = pd.concat([daily_map[c] for c in combo], axis=1).fillna(0.0)
/home/runner/work/publisher/publisher/coin-v8/iterative_research.py:933: Pandas4Warning: Sorting by default when concatenating all DatetimeIndex is deprecated.  In the future, pandas will respect the default of `sort=False`. Specify `sort=True` or `sort=False` to silence this message. If you see this warnings when not directly calling concat, report a bug to pandas.
  aligned = pd.concat([daily_map[c] for c in combo], axis=1).fillna(0.0)
/home/runner/work/publisher/publisher/coin-v8/iterative_research.py:933: Pandas4Warning: Sorting by default when concatenating all DatetimeIndex is deprecated.  In the future, pandas will respect the default of `sort=False`. Specify `sort=True` or `sort=False` to silence this message. If you see this warnings when not directly calling concat, report a bug to pandas.
  aligned = pd.concat([daily_map[c] for c in combo], axis=1).fillna(0.0)
/home/runner/work/publisher/publisher/coin-v8/iterative_research.py:933: Pandas4Warning: Sorting by default when concatenating all DatetimeIndex is deprecated.  In the future, pandas will respect the default of `sort=False`. Specify `sort=True` or `sort=False` to silence this message. If you see this warnings when not directly calling concat, report a bug to pandas.
  aligned = pd.concat([daily_map[c] for c in combo], axis=1).fillna(0.0)
/home/runner/work/publisher/publisher/coin-v8/iterative_research.py:933: Pandas4Warning: Sorting by default when concatenating all DatetimeIndex is deprecated.  In the future, pandas will respect the default of `sort=False`. Specify `sort=True` or `sort=False` to silence this message. If you see this warnings when not directly calling concat, report a bug to pandas.
  aligned = pd.concat([daily_map[c] for c in combo], axis=1).fillna(0.0)
/home/runner/work/publisher/publisher/coin-v8/iterative_research.py:933: Pandas4Warning: Sorting by default when concatenating all DatetimeIndex is deprecated.  In the future, pandas will respect the default of `sort=False`. Specify `sort=True` or `sort=False` to silence this message. If you see this warnings when not directly calling concat, report a bug to pandas.
  aligned = pd.concat([daily_map[c] for c in combo], axis=1).fillna(0.0)
/home/runner/work/publisher/publisher/coin-v8/iterative_research.py:933: Pandas4Warning: Sorting by default when concatenating all DatetimeIndex is deprecated.  In the future, pandas will respect the default of `sort=False`. Specify `sort=True` or `sort=False` to silence this message. If you see this warnings when not directly calling concat, report a bug to pandas.
  aligned = pd.concat([daily_map[c] for c in combo], axis=1).fillna(0.0)
/home/runner/work/publisher/publisher/coin-v8/iterative_research.py:933: Pandas4Warning: Sorting by default when concatenating all DatetimeIndex is deprecated.  In the future, pandas will respect the default of `sort=False`. Specify `sort=True` or `sort=False` to silence this message. If you see this warnings when not directly calling concat, report a bug to pandas.
  aligned = pd.concat([daily_map[c] for c in combo], axis=1).fillna(0.0)
/home/runner/work/publisher/publisher/coin-v8/iterative_research.py:933: Pandas4Warning: Sorting by default when concatenating all DatetimeIndex is deprecated.  In the future, pandas will respect the default of `sort=False`. Specify `sort=True` or `sort=False` to silence this message. If you see this warnings when not directly calling concat, report a bug to pandas.
  aligned = pd.concat([daily_map[c] for c in combo], axis=1).fillna(0.0)
/home/runner/work/publisher/publisher/coin-v8/iterative_research.py:933: Pandas4Warning: Sorting by default when concatenating all DatetimeIndex is deprecated.  In the future, pandas will respect the default of `sort=False`. Specify `sort=True` or `sort=False` to silence this message. If you see this warnings when not directly calling concat, report a bug to pandas.
  aligned = pd.concat([daily_map[c] for c in combo], axis=1).fillna(0.0)
/home/runner/work/publisher/publisher/coin-v8/iterative_research.py:933: Pandas4Warning: Sorting by default when concatenating all DatetimeIndex is deprecated.  In the future, pandas will respect the default of `sort=False`. Specify `sort=True` or `sort=False` to silence this message. If you see this warnings when not directly calling concat, report a bug to pandas.
  aligned = pd.concat([daily_map[c] for c in combo], axis=1).fillna(0.0)
[2026-07-24T14:49:37.416415+00:00] Research complete in 10.7 minutes: NO_FULLY_VALIDATED_WINNER
