[2026-07-24T15:41:09.992438+00:00] Downloading BTCUSDT_5m.parquet
[2026-07-24T15:41:11.623514+00:00] Downloading BTCUSDT_metrics.parquet
[2026-07-24T15:41:13.497045+00:00] Downloading BTCUSDT_fundingRate.parquet
[2026-07-24T15:41:14.266717+00:00] Downloading ETHUSDT_5m.parquet
[2026-07-24T15:41:15.850048+00:00] Downloading ETHUSDT_metrics.parquet
[2026-07-24T15:41:17.516770+00:00] Downloading ETHUSDT_fundingRate.parquet
[2026-07-24T15:41:27.721752+00:00] Preparing BTCUSDT 5m
[2026-07-24T15:43:57.791238+00:00] Finished BTCUSDT 5m: 784 pre trials, 7 finalists
[2026-07-24T15:43:57.793430+00:00] Preparing BTCUSDT 15m
[2026-07-24T15:46:10.795651+00:00] Finished BTCUSDT 15m: 782 pre trials, 7 finalists
[2026-07-24T15:46:10.796272+00:00] Preparing BTCUSDT 30m
[2026-07-24T15:48:14.816307+00:00] Finished BTCUSDT 30m: 784 pre trials, 25 finalists
[2026-07-24T15:48:14.816901+00:00] Preparing BTCUSDT 60m
[2026-07-24T15:50:13.632911+00:00] Finished BTCUSDT 60m: 777 pre trials, 25 finalists
[2026-07-24T15:50:14.292278+00:00] Preparing ETHUSDT 5m
[2026-07-24T15:52:38.201406+00:00] Finished ETHUSDT 5m: 780 pre trials, 3 finalists
[2026-07-24T15:52:38.205303+00:00] Preparing ETHUSDT 15m
[2026-07-24T15:54:21.789366+00:00] Finished ETHUSDT 15m: 641 pre trials, 9 finalists
[2026-07-24T15:54:21.789957+00:00] Preparing ETHUSDT 30m
[2026-07-24T15:56:27.117026+00:00] Finished ETHUSDT 30m: 780 pre trials, 25 finalists
[2026-07-24T15:56:27.117755+00:00] Preparing ETHUSDT 60m
[2026-07-24T15:58:23.826389+00:00] Finished ETHUSDT 60m: 780 pre trials, 25 finalists
/home/runner/work/publisher/publisher/coin-v8/iterative_research_v82.py:971: Pandas4Warning: Sorting by default when concatenating all DatetimeIndex is deprecated.  In the future, pandas will respect the default of `sort=False`. Specify `sort=True` or `sort=False` to silence this message. If you see this warnings when not directly calling concat, report a bug to pandas.
  stats = port_stats(pd.concat([pre_map[c] for c in combo], axis=1), pre_start, holdout_start)
/home/runner/work/publisher/publisher/coin-v8/iterative_research_v82.py:971: Pandas4Warning: Sorting by default when concatenating all DatetimeIndex is deprecated.  In the future, pandas will respect the default of `sort=False`. Specify `sort=True` or `sort=False` to silence this message. If you see this warnings when not directly calling concat, report a bug to pandas.
  stats = port_stats(pd.concat([pre_map[c] for c in combo], axis=1), pre_start, holdout_start)
/home/runner/work/publisher/publisher/coin-v8/iterative_research_v82.py:971: Pandas4Warning: Sorting by default when concatenating all DatetimeIndex is deprecated.  In the future, pandas will respect the default of `sort=False`. Specify `sort=True` or `sort=False` to silence this message. If you see this warnings when not directly calling concat, report a bug to pandas.
  stats = port_stats(pd.concat([pre_map[c] for c in combo], axis=1), pre_start, holdout_start)
/home/runner/work/publisher/publisher/coin-v8/iterative_research_v82.py:971: Pandas4Warning: Sorting by default when concatenating all DatetimeIndex is deprecated.  In the future, pandas will respect the default of `sort=False`. Specify `sort=True` or `sort=False` to silence this message. If you see this warnings when not directly calling concat, report a bug to pandas.
  stats = port_stats(pd.concat([pre_map[c] for c in combo], axis=1), pre_start, holdout_start)
/home/runner/work/publisher/publisher/coin-v8/iterative_research_v82.py:971: Pandas4Warning: Sorting by default when concatenating all DatetimeIndex is deprecated.  In the future, pandas will respect the default of `sort=False`. Specify `sort=True` or `sort=False` to silence this message. If you see this warnings when not directly calling concat, report a bug to pandas.
  stats = port_stats(pd.concat([pre_map[c] for c in combo], axis=1), pre_start, holdout_start)
/home/runner/work/publisher/publisher/coin-v8/iterative_research_v82.py:971: Pandas4Warning: Sorting by default when concatenating all DatetimeIndex is deprecated.  In the future, pandas will respect the default of `sort=False`. Specify `sort=True` or `sort=False` to silence this message. If you see this warnings when not directly calling concat, report a bug to pandas.
  stats = port_stats(pd.concat([pre_map[c] for c in combo], axis=1), pre_start, holdout_start)
/home/runner/work/publisher/publisher/coin-v8/iterative_research_v82.py:971: Pandas4Warning: Sorting by default when concatenating all DatetimeIndex is deprecated.  In the future, pandas will respect the default of `sort=False`. Specify `sort=True` or `sort=False` to silence this message. If you see this warnings when not directly calling concat, report a bug to pandas.
  stats = port_stats(pd.concat([pre_map[c] for c in combo], axis=1), pre_start, holdout_start)
/home/runner/work/publisher/publisher/coin-v8/iterative_research_v82.py:971: Pandas4Warning: Sorting by default when concatenating all DatetimeIndex is deprecated.  In the future, pandas will respect the default of `sort=False`. Specify `sort=True` or `sort=False` to silence this message. If you see this warnings when not directly calling concat, report a bug to pandas.
  stats = port_stats(pd.concat([pre_map[c] for c in combo], axis=1), pre_start, holdout_start)
/home/runner/work/publisher/publisher/coin-v8/iterative_research_v82.py:971: Pandas4Warning: Sorting by default when concatenating all DatetimeIndex is deprecated.  In the future, pandas will respect the default of `sort=False`. Specify `sort=True` or `sort=False` to silence this message. If you see this warnings when not directly calling concat, report a bug to pandas.
  stats = port_stats(pd.concat([pre_map[c] for c in combo], axis=1), pre_start, holdout_start)
/home/runner/work/publisher/publisher/coin-v8/iterative_research_v82.py:971: Pandas4Warning: Sorting by default when concatenating all DatetimeIndex is deprecated.  In the future, pandas will respect the default of `sort=False`. Specify `sort=True` or `sort=False` to silence this message. If you see this warnings when not directly calling concat, report a bug to pandas.
  stats = port_stats(pd.concat([pre_map[c] for c in combo], axis=1), pre_start, holdout_start)
/home/runner/work/publisher/publisher/coin-v8/iterative_research_v82.py:971: Pandas4Warning: Sorting by default when concatenating all DatetimeIndex is deprecated.  In the future, pandas will respect the default of `sort=False`. Specify `sort=True` or `sort=False` to silence this message. If you see this warnings when not directly calling concat, report a bug to pandas.
  stats = port_stats(pd.concat([pre_map[c] for c in combo], axis=1), pre_start, holdout_start)
/home/runner/work/publisher/publisher/coin-v8/iterative_research_v82.py:971: Pandas4Warning: Sorting by default when concatenating all DatetimeIndex is deprecated.  In the future, pandas will respect the default of `sort=False`. Specify `sort=True` or `sort=False` to silence this message. If you see this warnings when not directly calling concat, report a bug to pandas.
  stats = port_stats(pd.concat([pre_map[c] for c in combo], axis=1), pre_start, holdout_start)
/home/runner/work/publisher/publisher/coin-v8/iterative_research_v82.py:971: Pandas4Warning: Sorting by default when concatenating all DatetimeIndex is deprecated.  In the future, pandas will respect the default of `sort=False`. Specify `sort=True` or `sort=False` to silence this message. If you see this warnings when not directly calling concat, report a bug to pandas.
  stats = port_stats(pd.concat([pre_map[c] for c in combo], axis=1), pre_start, holdout_start)
/home/runner/work/publisher/publisher/coin-v8/iterative_research_v82.py:971: Pandas4Warning: Sorting by default when concatenating all DatetimeIndex is deprecated.  In the future, pandas will respect the default of `sort=False`. Specify `sort=True` or `sort=False` to silence this message. If you see this warnings when not directly calling concat, report a bug to pandas.
  stats = port_stats(pd.concat([pre_map[c] for c in combo], axis=1), pre_start, holdout_start)
/home/runner/work/publisher/publisher/coin-v8/iterative_research_v82.py:971: Pandas4Warning: Sorting by default when concatenating all DatetimeIndex is deprecated.  In the future, pandas will respect the default of `sort=False`. Specify `sort=True` or `sort=False` to silence this message. If you see this warnings when not directly calling concat, report a bug to pandas.
  stats = port_stats(pd.concat([pre_map[c] for c in combo], axis=1), pre_start, holdout_start)
/home/runner/work/publisher/publisher/coin-v8/iterative_research_v82.py:971: Pandas4Warning: Sorting by default when concatenating all DatetimeIndex is deprecated.  In the future, pandas will respect the default of `sort=False`. Specify `sort=True` or `sort=False` to silence this message. If you see this warnings when not directly calling concat, report a bug to pandas.
  stats = port_stats(pd.concat([pre_map[c] for c in combo], axis=1), pre_start, holdout_start)
/home/runner/work/publisher/publisher/coin-v8/iterative_research_v82.py:971: Pandas4Warning: Sorting by default when concatenating all DatetimeIndex is deprecated.  In the future, pandas will respect the default of `sort=False`. Specify `sort=True` or `sort=False` to silence this message. If you see this warnings when not directly calling concat, report a bug to pandas.
  stats = port_stats(pd.concat([pre_map[c] for c in combo], axis=1), pre_start, holdout_start)
/home/runner/work/publisher/publisher/coin-v8/iterative_research_v82.py:971: Pandas4Warning: Sorting by default when concatenating all DatetimeIndex is deprecated.  In the future, pandas will respect the default of `sort=False`. Specify `sort=True` or `sort=False` to silence this message. If you see this warnings when not directly calling concat, report a bug to pandas.
  stats = port_stats(pd.concat([pre_map[c] for c in combo], axis=1), pre_start, holdout_start)
/home/runner/work/publisher/publisher/coin-v8/iterative_research_v82.py:971: Pandas4Warning: Sorting by default when concatenating all DatetimeIndex is deprecated.  In the future, pandas will respect the default of `sort=False`. Specify `sort=True` or `sort=False` to silence this message. If you see this warnings when not directly calling concat, report a bug to pandas.
  stats = port_stats(pd.concat([pre_map[c] for c in combo], axis=1), pre_start, holdout_start)
/home/runner/work/publisher/publisher/coin-v8/iterative_research_v82.py:989: Pandas4Warning: Sorting by default when concatenating all DatetimeIndex is deprecated.  In the future, pandas will respect the default of `sort=False`. Specify `sort=True` or `sort=False` to silence this message. If you see this warnings when not directly calling concat, report a bug to pandas.
  oos_stats = port_stats(pd.concat([oos_map[c] for c in combo], axis=1), holdout_start, final_end)
/home/runner/work/publisher/publisher/coin-v8/iterative_research_v82.py:990: Pandas4Warning: Sorting by default when concatenating all DatetimeIndex is deprecated.  In the future, pandas will respect the default of `sort=False`. Specify `sort=True` or `sort=False` to silence this message. If you see this warnings when not directly calling concat, report a bug to pandas.
  stress_stats = port_stats(pd.concat([stress_map[c] for c in combo], axis=1), holdout_start, final_end)
/home/runner/work/publisher/publisher/coin-v8/iterative_research_v82.py:989: Pandas4Warning: Sorting by default when concatenating all DatetimeIndex is deprecated.  In the future, pandas will respect the default of `sort=False`. Specify `sort=True` or `sort=False` to silence this message. If you see this warnings when not directly calling concat, report a bug to pandas.
  oos_stats = port_stats(pd.concat([oos_map[c] for c in combo], axis=1), holdout_start, final_end)
/home/runner/work/publisher/publisher/coin-v8/iterative_research_v82.py:990: Pandas4Warning: Sorting by default when concatenating all DatetimeIndex is deprecated.  In the future, pandas will respect the default of `sort=False`. Specify `sort=True` or `sort=False` to silence this message. If you see this warnings when not directly calling concat, report a bug to pandas.
  stress_stats = port_stats(pd.concat([stress_map[c] for c in combo], axis=1), holdout_start, final_end)
/home/runner/work/publisher/publisher/coin-v8/iterative_research_v82.py:989: Pandas4Warning: Sorting by default when concatenating all DatetimeIndex is deprecated.  In the future, pandas will respect the default of `sort=False`. Specify `sort=True` or `sort=False` to silence this message. If you see this warnings when not directly calling concat, report a bug to pandas.
  oos_stats = port_stats(pd.concat([oos_map[c] for c in combo], axis=1), holdout_start, final_end)
/home/runner/work/publisher/publisher/coin-v8/iterative_research_v82.py:990: Pandas4Warning: Sorting by default when concatenating all DatetimeIndex is deprecated.  In the future, pandas will respect the default of `sort=False`. Specify `sort=True` or `sort=False` to silence this message. If you see this warnings when not directly calling concat, report a bug to pandas.
  stress_stats = port_stats(pd.concat([stress_map[c] for c in combo], axis=1), holdout_start, final_end)
/home/runner/work/publisher/publisher/coin-v8/iterative_research_v82.py:989: Pandas4Warning: Sorting by default when concatenating all DatetimeIndex is deprecated.  In the future, pandas will respect the default of `sort=False`. Specify `sort=True` or `sort=False` to silence this message. If you see this warnings when not directly calling concat, report a bug to pandas.
  oos_stats = port_stats(pd.concat([oos_map[c] for c in combo], axis=1), holdout_start, final_end)
/home/runner/work/publisher/publisher/coin-v8/iterative_research_v82.py:990: Pandas4Warning: Sorting by default when concatenating all DatetimeIndex is deprecated.  In the future, pandas will respect the default of `sort=False`. Specify `sort=True` or `sort=False` to silence this message. If you see this warnings when not directly calling concat, report a bug to pandas.
  stress_stats = port_stats(pd.concat([stress_map[c] for c in combo], axis=1), holdout_start, final_end)
/home/runner/work/publisher/publisher/coin-v8/iterative_research_v82.py:989: Pandas4Warning: Sorting by default when concatenating all DatetimeIndex is deprecated.  In the future, pandas will respect the default of `sort=False`. Specify `sort=True` or `sort=False` to silence this message. If you see this warnings when not directly calling concat, report a bug to pandas.
  oos_stats = port_stats(pd.concat([oos_map[c] for c in combo], axis=1), holdout_start, final_end)
/home/runner/work/publisher/publisher/coin-v8/iterative_research_v82.py:990: Pandas4Warning: Sorting by default when concatenating all DatetimeIndex is deprecated.  In the future, pandas will respect the default of `sort=False`. Specify `sort=True` or `sort=False` to silence this message. If you see this warnings when not directly calling concat, report a bug to pandas.
  stress_stats = port_stats(pd.concat([stress_map[c] for c in combo], axis=1), holdout_start, final_end)
/home/runner/work/publisher/publisher/coin-v8/iterative_research_v82.py:989: Pandas4Warning: Sorting by default when concatenating all DatetimeIndex is deprecated.  In the future, pandas will respect the default of `sort=False`. Specify `sort=True` or `sort=False` to silence this message. If you see this warnings when not directly calling concat, report a bug to pandas.
  oos_stats = port_stats(pd.concat([oos_map[c] for c in combo], axis=1), holdout_start, final_end)
/home/runner/work/publisher/publisher/coin-v8/iterative_research_v82.py:990: Pandas4Warning: Sorting by default when concatenating all DatetimeIndex is deprecated.  In the future, pandas will respect the default of `sort=False`. Specify `sort=True` or `sort=False` to silence this message. If you see this warnings when not directly calling concat, report a bug to pandas.
  stress_stats = port_stats(pd.concat([stress_map[c] for c in combo], axis=1), holdout_start, final_end)
/home/runner/work/publisher/publisher/coin-v8/iterative_research_v82.py:989: Pandas4Warning: Sorting by default when concatenating all DatetimeIndex is deprecated.  In the future, pandas will respect the default of `sort=False`. Specify `sort=True` or `sort=False` to silence this message. If you see this warnings when not directly calling concat, report a bug to pandas.
  oos_stats = port_stats(pd.concat([oos_map[c] for c in combo], axis=1), holdout_start, final_end)
/home/runner/work/publisher/publisher/coin-v8/iterative_research_v82.py:990: Pandas4Warning: Sorting by default when concatenating all DatetimeIndex is deprecated.  In the future, pandas will respect the default of `sort=False`. Specify `sort=True` or `sort=False` to silence this message. If you see this warnings when not directly calling concat, report a bug to pandas.
  stress_stats = port_stats(pd.concat([stress_map[c] for c in combo], axis=1), holdout_start, final_end)
/home/runner/work/publisher/publisher/coin-v8/iterative_research_v82.py:989: Pandas4Warning: Sorting by default when concatenating all DatetimeIndex is deprecated.  In the future, pandas will respect the default of `sort=False`. Specify `sort=True` or `sort=False` to silence this message. If you see this warnings when not directly calling concat, report a bug to pandas.
  oos_stats = port_stats(pd.concat([oos_map[c] for c in combo], axis=1), holdout_start, final_end)
/home/runner/work/publisher/publisher/coin-v8/iterative_research_v82.py:990: Pandas4Warning: Sorting by default when concatenating all DatetimeIndex is deprecated.  In the future, pandas will respect the default of `sort=False`. Specify `sort=True` or `sort=False` to silence this message. If you see this warnings when not directly calling concat, report a bug to pandas.
  stress_stats = port_stats(pd.concat([stress_map[c] for c in combo], axis=1), holdout_start, final_end)
/home/runner/work/publisher/publisher/coin-v8/iterative_research_v82.py:989: Pandas4Warning: Sorting by default when concatenating all DatetimeIndex is deprecated.  In the future, pandas will respect the default of `sort=False`. Specify `sort=True` or `sort=False` to silence this message. If you see this warnings when not directly calling concat, report a bug to pandas.
  oos_stats = port_stats(pd.concat([oos_map[c] for c in combo], axis=1), holdout_start, final_end)
/home/runner/work/publisher/publisher/coin-v8/iterative_research_v82.py:990: Pandas4Warning: Sorting by default when concatenating all DatetimeIndex is deprecated.  In the future, pandas will respect the default of `sort=False`. Specify `sort=True` or `sort=False` to silence this message. If you see this warnings when not directly calling concat, report a bug to pandas.
  stress_stats = port_stats(pd.concat([stress_map[c] for c in combo], axis=1), holdout_start, final_end)
/home/runner/work/publisher/publisher/coin-v8/iterative_research_v82.py:989: Pandas4Warning: Sorting by default when concatenating all DatetimeIndex is deprecated.  In the future, pandas will respect the default of `sort=False`. Specify `sort=True` or `sort=False` to silence this message. If you see this warnings when not directly calling concat, report a bug to pandas.
  oos_stats = port_stats(pd.concat([oos_map[c] for c in combo], axis=1), holdout_start, final_end)
/home/runner/work/publisher/publisher/coin-v8/iterative_research_v82.py:990: Pandas4Warning: Sorting by default when concatenating all DatetimeIndex is deprecated.  In the future, pandas will respect the default of `sort=False`. Specify `sort=True` or `sort=False` to silence this message. If you see this warnings when not directly calling concat, report a bug to pandas.
  stress_stats = port_stats(pd.concat([stress_map[c] for c in combo], axis=1), holdout_start, final_end)
/home/runner/work/publisher/publisher/coin-v8/iterative_research_v82.py:989: Pandas4Warning: Sorting by default when concatenating all DatetimeIndex is deprecated.  In the future, pandas will respect the default of `sort=False`. Specify `sort=True` or `sort=False` to silence this message. If you see this warnings when not directly calling concat, report a bug to pandas.
  oos_stats = port_stats(pd.concat([oos_map[c] for c in combo], axis=1), holdout_start, final_end)
/home/runner/work/publisher/publisher/coin-v8/iterative_research_v82.py:990: Pandas4Warning: Sorting by default when concatenating all DatetimeIndex is deprecated.  In the future, pandas will respect the default of `sort=False`. Specify `sort=True` or `sort=False` to silence this message. If you see this warnings when not directly calling concat, report a bug to pandas.
  stress_stats = port_stats(pd.concat([stress_map[c] for c in combo], axis=1), holdout_start, final_end)
/home/runner/work/publisher/publisher/coin-v8/iterative_research_v82.py:989: Pandas4Warning: Sorting by default when concatenating all DatetimeIndex is deprecated.  In the future, pandas will respect the default of `sort=False`. Specify `sort=True` or `sort=False` to silence this message. If you see this warnings when not directly calling concat, report a bug to pandas.
  oos_stats = port_stats(pd.concat([oos_map[c] for c in combo], axis=1), holdout_start, final_end)
/home/runner/work/publisher/publisher/coin-v8/iterative_research_v82.py:990: Pandas4Warning: Sorting by default when concatenating all DatetimeIndex is deprecated.  In the future, pandas will respect the default of `sort=False`. Specify `sort=True` or `sort=False` to silence this message. If you see this warnings when not directly calling concat, report a bug to pandas.
  stress_stats = port_stats(pd.concat([stress_map[c] for c in combo], axis=1), holdout_start, final_end)
/home/runner/work/publisher/publisher/coin-v8/iterative_research_v82.py:989: Pandas4Warning: Sorting by default when concatenating all DatetimeIndex is deprecated.  In the future, pandas will respect the default of `sort=False`. Specify `sort=True` or `sort=False` to silence this message. If you see this warnings when not directly calling concat, report a bug to pandas.
  oos_stats = port_stats(pd.concat([oos_map[c] for c in combo], axis=1), holdout_start, final_end)
/home/runner/work/publisher/publisher/coin-v8/iterative_research_v82.py:990: Pandas4Warning: Sorting by default when concatenating all DatetimeIndex is deprecated.  In the future, pandas will respect the default of `sort=False`. Specify `sort=True` or `sort=False` to silence this message. If you see this warnings when not directly calling concat, report a bug to pandas.
  stress_stats = port_stats(pd.concat([stress_map[c] for c in combo], axis=1), holdout_start, final_end)
/home/runner/work/publisher/publisher/coin-v8/iterative_research_v82.py:989: Pandas4Warning: Sorting by default when concatenating all DatetimeIndex is deprecated.  In the future, pandas will respect the default of `sort=False`. Specify `sort=True` or `sort=False` to silence this message. If you see this warnings when not directly calling concat, report a bug to pandas.
  oos_stats = port_stats(pd.concat([oos_map[c] for c in combo], axis=1), holdout_start, final_end)
/home/runner/work/publisher/publisher/coin-v8/iterative_research_v82.py:990: Pandas4Warning: Sorting by default when concatenating all DatetimeIndex is deprecated.  In the future, pandas will respect the default of `sort=False`. Specify `sort=True` or `sort=False` to silence this message. If you see this warnings when not directly calling concat, report a bug to pandas.
  stress_stats = port_stats(pd.concat([stress_map[c] for c in combo], axis=1), holdout_start, final_end)
/home/runner/work/publisher/publisher/coin-v8/iterative_research_v82.py:989: Pandas4Warning: Sorting by default when concatenating all DatetimeIndex is deprecated.  In the future, pandas will respect the default of `sort=False`. Specify `sort=True` or `sort=False` to silence this message. If you see this warnings when not directly calling concat, report a bug to pandas.
  oos_stats = port_stats(pd.concat([oos_map[c] for c in combo], axis=1), holdout_start, final_end)
/home/runner/work/publisher/publisher/coin-v8/iterative_research_v82.py:990: Pandas4Warning: Sorting by default when concatenating all DatetimeIndex is deprecated.  In the future, pandas will respect the default of `sort=False`. Specify `sort=True` or `sort=False` to silence this message. If you see this warnings when not directly calling concat, report a bug to pandas.
  stress_stats = port_stats(pd.concat([stress_map[c] for c in combo], axis=1), holdout_start, final_end)
/home/runner/work/publisher/publisher/coin-v8/iterative_research_v82.py:989: Pandas4Warning: Sorting by default when concatenating all DatetimeIndex is deprecated.  In the future, pandas will respect the default of `sort=False`. Specify `sort=True` or `sort=False` to silence this message. If you see this warnings when not directly calling concat, report a bug to pandas.
  oos_stats = port_stats(pd.concat([oos_map[c] for c in combo], axis=1), holdout_start, final_end)
/home/runner/work/publisher/publisher/coin-v8/iterative_research_v82.py:990: Pandas4Warning: Sorting by default when concatenating all DatetimeIndex is deprecated.  In the future, pandas will respect the default of `sort=False`. Specify `sort=True` or `sort=False` to silence this message. If you see this warnings when not directly calling concat, report a bug to pandas.
  stress_stats = port_stats(pd.concat([stress_map[c] for c in combo], axis=1), holdout_start, final_end)
/home/runner/work/publisher/publisher/coin-v8/iterative_research_v82.py:989: Pandas4Warning: Sorting by default when concatenating all DatetimeIndex is deprecated.  In the future, pandas will respect the default of `sort=False`. Specify `sort=True` or `sort=False` to silence this message. If you see this warnings when not directly calling concat, report a bug to pandas.
  oos_stats = port_stats(pd.concat([oos_map[c] for c in combo], axis=1), holdout_start, final_end)
/home/runner/work/publisher/publisher/coin-v8/iterative_research_v82.py:990: Pandas4Warning: Sorting by default when concatenating all DatetimeIndex is deprecated.  In the future, pandas will respect the default of `sort=False`. Specify `sort=True` or `sort=False` to silence this message. If you see this warnings when not directly calling concat, report a bug to pandas.
  stress_stats = port_stats(pd.concat([stress_map[c] for c in combo], axis=1), holdout_start, final_end)
/home/runner/work/publisher/publisher/coin-v8/iterative_research_v82.py:989: Pandas4Warning: Sorting by default when concatenating all DatetimeIndex is deprecated.  In the future, pandas will respect the default of `sort=False`. Specify `sort=True` or `sort=False` to silence this message. If you see this warnings when not directly calling concat, report a bug to pandas.
  oos_stats = port_stats(pd.concat([oos_map[c] for c in combo], axis=1), holdout_start, final_end)
/home/runner/work/publisher/publisher/coin-v8/iterative_research_v82.py:990: Pandas4Warning: Sorting by default when concatenating all DatetimeIndex is deprecated.  In the future, pandas will respect the default of `sort=False`. Specify `sort=True` or `sort=False` to silence this message. If you see this warnings when not directly calling concat, report a bug to pandas.
  stress_stats = port_stats(pd.concat([stress_map[c] for c in combo], axis=1), holdout_start, final_end)
/home/runner/work/publisher/publisher/coin-v8/iterative_research_v82.py:989: Pandas4Warning: Sorting by default when concatenating all DatetimeIndex is deprecated.  In the future, pandas will respect the default of `sort=False`. Specify `sort=True` or `sort=False` to silence this message. If you see this warnings when not directly calling concat, report a bug to pandas.
  oos_stats = port_stats(pd.concat([oos_map[c] for c in combo], axis=1), holdout_start, final_end)
/home/runner/work/publisher/publisher/coin-v8/iterative_research_v82.py:990: Pandas4Warning: Sorting by default when concatenating all DatetimeIndex is deprecated.  In the future, pandas will respect the default of `sort=False`. Specify `sort=True` or `sort=False` to silence this message. If you see this warnings when not directly calling concat, report a bug to pandas.
  stress_stats = port_stats(pd.concat([stress_map[c] for c in combo], axis=1), holdout_start, final_end)
[2026-07-24T15:58:32.139036+00:00] Research complete in 17.4 minutes: NO_FULLY_VALIDATED_WINNER
