research	Reconstruct, compile and fingerprint V9 runner	﻿2026-07-24T17:05:00.9350091Z ##[group]Run mkdir -p coin-v9/status coin-v9/results
research	Reconstruct, compile and fingerprint V9 runner	2026-07-24T17:05:00.9350537Z ^[[36;1mmkdir -p coin-v9/status coin-v9/results^[[0m
research	Reconstruct, compile and fingerprint V9 runner	2026-07-24T17:05:00.9351007Z ^[[36;1mpython - <<'PY'^[[0m
research	Reconstruct, compile and fingerprint V9 runner	2026-07-24T17:05:00.9351656Z ^[[36;1mimport base64, gzip, hashlib, json, pathlib, subprocess, sys^[[0m
research	Reconstruct, compile and fingerprint V9 runner	2026-07-24T17:05:00.9352158Z ^[[36;1msource = pathlib.Path("coin-v9/source/v9_research.py.gz.b64")^[[0m
research	Reconstruct, compile and fingerprint V9 runner	2026-07-24T17:05:00.9352606Z ^[[36;1mencoded = source.read_text(encoding="utf-8").strip()^[[0m
research	Reconstruct, compile and fingerprint V9 runner	2026-07-24T17:05:00.9352937Z ^[[36;1mdiag = {^[[0m
research	Reconstruct, compile and fingerprint V9 runner	2026-07-24T17:05:00.9353169Z ^[[36;1m    "encoded_chars": len(encoded),^[[0m
research	Reconstruct, compile and fingerprint V9 runner	2026-07-24T17:05:00.9353568Z ^[[36;1m    "encoded_sha256": hashlib.sha256(encoded.encode("utf-8")).hexdigest(),^[[0m
research	Reconstruct, compile and fingerprint V9 runner	2026-07-24T17:05:00.9353981Z ^[[36;1m}^[[0m
research	Reconstruct, compile and fingerprint V9 runner	2026-07-24T17:05:00.9354294Z ^[[36;1mraw = gzip.decompress(base64.b64decode(encoded, validate=True))^[[0m
research	Reconstruct, compile and fingerprint V9 runner	2026-07-24T17:05:00.9354689Z ^[[36;1mactual = hashlib.sha256(raw).hexdigest()^[[0m
research	Reconstruct, compile and fingerprint V9 runner	2026-07-24T17:05:00.9355082Z ^[[36;1mtarget = pathlib.Path("coin-v9/v9_daily_leverage_research.py")^[[0m
research	Reconstruct, compile and fingerprint V9 runner	2026-07-24T17:05:00.9355496Z ^[[36;1mtarget.write_bytes(raw)^[[0m
research	Reconstruct, compile and fingerprint V9 runner	2026-07-24T17:05:00.9355774Z ^[[36;1mcompile_run = subprocess.run(^[[0m
research	Reconstruct, compile and fingerprint V9 runner	2026-07-24T17:05:00.9356122Z ^[[36;1m    [sys.executable, "-m", "py_compile", str(target)],^[[0m
research	Reconstruct, compile and fingerprint V9 runner	2026-07-24T17:05:00.9356454Z ^[[36;1m    text=True,^[[0m
research	Reconstruct, compile and fingerprint V9 runner	2026-07-24T17:05:00.9356699Z ^[[36;1m    capture_output=True,^[[0m
research	Reconstruct, compile and fingerprint V9 runner	2026-07-24T17:05:00.9356958Z ^[[36;1m)^[[0m
research	Reconstruct, compile and fingerprint V9 runner	2026-07-24T17:05:00.9357162Z ^[[36;1mdiag.update({^[[0m
research	Reconstruct, compile and fingerprint V9 runner	2026-07-24T17:05:00.9357407Z ^[[36;1m    "source_bytes": len(raw),^[[0m
research	Reconstruct, compile and fingerprint V9 runner	2026-07-24T17:05:00.9357678Z ^[[36;1m    "source_sha256": actual,^[[0m
research	Reconstruct, compile and fingerprint V9 runner	2026-07-24T17:05:00.9357989Z ^[[36;1m    "compile_returncode": compile_run.returncode,^[[0m
research	Reconstruct, compile and fingerprint V9 runner	2026-07-24T17:05:00.9358333Z ^[[36;1m    "compile_stdout": compile_run.stdout,^[[0m
research	Reconstruct, compile and fingerprint V9 runner	2026-07-24T17:05:00.9358656Z ^[[36;1m    "compile_stderr": compile_run.stderr,^[[0m
research	Reconstruct, compile and fingerprint V9 runner	2026-07-24T17:05:00.9358925Z ^[[36;1m})^[[0m
research	Reconstruct, compile and fingerprint V9 runner	2026-07-24T17:05:00.9359227Z ^[[36;1mpathlib.Path("coin-v9/status/reconstruction.json").write_text(^[[0m
research	Reconstruct, compile and fingerprint V9 runner	2026-07-24T17:05:00.9359652Z ^[[36;1m    json.dumps(diag, indent=2), encoding="utf-8"^[[0m
research	Reconstruct, compile and fingerprint V9 runner	2026-07-24T17:05:00.9359953Z ^[[36;1m)^[[0m
research	Reconstruct, compile and fingerprint V9 runner	2026-07-24T17:05:00.9360243Z ^[[36;1mpathlib.Path("coin-v9/status/v9_runner_sha256.txt").write_text(^[[0m
research	Reconstruct, compile and fingerprint V9 runner	2026-07-24T17:05:00.9360631Z ^[[36;1m    actual + "\n", encoding="utf-8"^[[0m
research	Reconstruct, compile and fingerprint V9 runner	2026-07-24T17:05:00.9360900Z ^[[36;1m)^[[0m
research	Reconstruct, compile and fingerprint V9 runner	2026-07-24T17:05:00.9361108Z ^[[36;1mprint(json.dumps(diag, indent=2))^[[0m
research	Reconstruct, compile and fingerprint V9 runner	2026-07-24T17:05:00.9361585Z ^[[36;1mif compile_run.returncode != 0:^[[0m
research	Reconstruct, compile and fingerprint V9 runner	2026-07-24T17:05:00.9361891Z ^[[36;1m    raise SystemExit(compile_run.returncode)^[[0m
research	Reconstruct, compile and fingerprint V9 runner	2026-07-24T17:05:00.9362183Z ^[[36;1mPY^[[0m
research	Reconstruct, compile and fingerprint V9 runner	2026-07-24T17:05:00.9412426Z shell: /usr/bin/bash -e {0}
research	Reconstruct, compile and fingerprint V9 runner	2026-07-24T17:05:00.9412695Z env:
research	Reconstruct, compile and fingerprint V9 runner	2026-07-24T17:05:00.9412969Z   pythonLocation: /opt/hostedtoolcache/Python/3.12.13/x64
research	Reconstruct, compile and fingerprint V9 runner	2026-07-24T17:05:00.9413405Z   PKG_CONFIG_PATH: /opt/hostedtoolcache/Python/3.12.13/x64/lib/pkgconfig
research	Reconstruct, compile and fingerprint V9 runner	2026-07-24T17:05:00.9413827Z   Python_ROOT_DIR: /opt/hostedtoolcache/Python/3.12.13/x64
research	Reconstruct, compile and fingerprint V9 runner	2026-07-24T17:05:00.9414204Z   Python2_ROOT_DIR: /opt/hostedtoolcache/Python/3.12.13/x64
research	Reconstruct, compile and fingerprint V9 runner	2026-07-24T17:05:00.9414588Z   Python3_ROOT_DIR: /opt/hostedtoolcache/Python/3.12.13/x64
research	Reconstruct, compile and fingerprint V9 runner	2026-07-24T17:05:00.9414972Z   LD_LIBRARY_PATH: /opt/hostedtoolcache/Python/3.12.13/x64/lib
research	Reconstruct, compile and fingerprint V9 runner	2026-07-24T17:05:00.9415292Z ##[endgroup]
research	Reconstruct, compile and fingerprint V9 runner	2026-07-24T17:05:00.9846596Z Traceback (most recent call last):
research	Reconstruct, compile and fingerprint V9 runner	2026-07-24T17:05:00.9853203Z   File "<stdin>", line 8, in <module>
research	Reconstruct, compile and fingerprint V9 runner	2026-07-24T17:05:00.9853797Z   File "/opt/hostedtoolcache/Python/3.12.13/x64/lib/python3.12/base64.py", line 88, in b64decode
research	Reconstruct, compile and fingerprint V9 runner	2026-07-24T17:05:01.0036706Z     return binascii.a2b_base64(s, strict_mode=validate)
research	Reconstruct, compile and fingerprint V9 runner	2026-07-24T17:05:01.0037159Z            ^^^^^^^^^^^^^^^^^^^^^^^^^^^^^^^^^^^^^^^^^^^^
research	Reconstruct, compile and fingerprint V9 runner	2026-07-24T17:05:01.0037476Z binascii.Error: Only base64 data is allowed
research	Reconstruct, compile and fingerprint V9 runner	2026-07-24T17:05:01.0106834Z ##[error]Process completed with exit code 1.
research	Enforce successful research completion	﻿2026-07-24T17:05:02.0538924Z ##[group]Run python - <<'PY'
research	Enforce successful research completion	2026-07-24T17:05:02.0539240Z ^[[36;1mpython - <<'PY'^[[0m
research	Enforce successful research completion	2026-07-24T17:05:02.0539474Z ^[[36;1mimport json^[[0m
research	Enforce successful research completion	2026-07-24T17:05:02.0539854Z ^[[36;1mp=json.load(open("coin-v9/status/latest.json",encoding="utf-8"))^[[0m
research	Enforce successful research completion	2026-07-24T17:05:02.0540261Z ^[[36;1mif p.get("state") != "COMPLETED":^[[0m
research	Enforce successful research completion	2026-07-24T17:05:02.0540639Z ^[[36;1m    raise SystemExit(f"Coin V9 did not complete: {p}")^[[0m
research	Enforce successful research completion	2026-07-24T17:05:02.0540976Z ^[[36;1mPY^[[0m
research	Enforce successful research completion	2026-07-24T17:05:02.0589154Z shell: /usr/bin/bash -e {0}
research	Enforce successful research completion	2026-07-24T17:05:02.0589420Z env:
research	Enforce successful research completion	2026-07-24T17:05:02.0589708Z   pythonLocation: /opt/hostedtoolcache/Python/3.12.13/x64
research	Enforce successful research completion	2026-07-24T17:05:02.0590168Z   PKG_CONFIG_PATH: /opt/hostedtoolcache/Python/3.12.13/x64/lib/pkgconfig
research	Enforce successful research completion	2026-07-24T17:05:02.0590597Z   Python_ROOT_DIR: /opt/hostedtoolcache/Python/3.12.13/x64
research	Enforce successful research completion	2026-07-24T17:05:02.0590982Z   Python2_ROOT_DIR: /opt/hostedtoolcache/Python/3.12.13/x64
research	Enforce successful research completion	2026-07-24T17:05:02.0591610Z   Python3_ROOT_DIR: /opt/hostedtoolcache/Python/3.12.13/x64
research	Enforce successful research completion	2026-07-24T17:05:02.0592026Z   LD_LIBRARY_PATH: /opt/hostedtoolcache/Python/3.12.13/x64/lib
research	Enforce successful research completion	2026-07-24T17:05:02.0592362Z ##[endgroup]
research	Enforce successful research completion	2026-07-24T17:05:02.0852592Z Coin V9 did not complete: {'state': 'FAILED', 'version': 'V9', 'run_id': '30111574291', 'run_attempt': '1', 'trigger_sha': '5f0b0fc765065efca9b16634f9fa07f3691dd4a0', 'exit_code': 999, 'trials_executed': 0, 'minimum_required_trials_met': False, 'finished_at_utc': '2026-07-24T17:05:01.055075+00:00', 'mode': 'RESEARCH_ONLY / NO_PAPER / NO_LIVE'}
research	Enforce successful research completion	2026-07-24T17:05:02.0889705Z ##[error]Process completed with exit code 1.
